../Drivers/STM32G0xx_HAL_Driver/Inc/stm32g0xx_ll_rcc.h:1347:22:LL_RCC_HSI_Enable	1
../Drivers/STM32G0xx_HAL_Driver/Inc/stm32g0xx_ll_rcc.h:1367:26:LL_RCC_HSI_IsReady	2
../Drivers/STM32G0xx_HAL_Driver/Inc/stm32g0xx_ll_rcc.h:1688:22:LL_RCC_SetSysClkSource	1
../Drivers/STM32G0xx_HAL_Driver/Inc/stm32g0xx_ll_rcc.h:1703:26:LL_RCC_GetSysClkSource	1
../Drivers/STM32G0xx_HAL_Driver/Inc/stm32g0xx_ll_rcc.h:1723:22:LL_RCC_SetAHBPrescaler	1
../Drivers/STM32G0xx_HAL_Driver/Inc/stm32g0xx_ll_rcc.h:1739:22:LL_RCC_SetAPB1Prescaler	1
../Drivers/STM32G0xx_HAL_Driver/Inc/stm32g0xx_ll_bus.h:467:22:LL_APB1_GRP1_EnableClock	1
../Drivers/STM32G0xx_HAL_Driver/Inc/stm32g0xx_ll_bus.h:1135:22:LL_IOP_GRP1_EnableClock	1
../Drivers/STM32G0xx_HAL_Driver/Inc/stm32g0xx_ll_exti.h:1470:22:LL_EXTI_SetEXTISource	1
../Drivers/STM32G0xx_HAL_Driver/Inc/stm32g0xx_ll_usart.h:634:22:LL_USART_Enable	1
../Drivers/STM32G0xx_HAL_Driver/Inc/stm32g0xx_ll_usart.h:2673:22:LL_USART_ConfigAsyncMode	1
../Drivers/STM32G0xx_HAL_Driver/Inc/stm32g0xx_ll_usart.h:3023:26:LL_USART_IsActiveFlag_TXE_TXFNF	2
../Drivers/STM32G0xx_HAL_Driver/Inc/stm32g0xx_ll_usart.h:3193:26:LL_USART_IsActiveFlag_TEACK	2
../Drivers/STM32G0xx_HAL_Driver/Inc/stm32g0xx_ll_usart.h:3204:26:LL_USART_IsActiveFlag_REACK	2
../Drivers/STM32G0xx_HAL_Driver/Inc/stm32g0xx_ll_usart.h:4274:22:LL_USART_TransmitData8	1
../Drivers/STM32G0xx_HAL_Driver/Inc/stm32g0xx_ll_gpio.h:283:22:LL_GPIO_SetPinMode	1
../Drivers/STM32G0xx_HAL_Driver/Inc/stm32g0xx_ll_gpio.h:491:22:LL_GPIO_SetPinPull	1
../Drivers/STM32G0xx_HAL_Driver/Inc/stm32g0xx_ll_gpio.h:857:22:LL_GPIO_SetOutputPin	1
../Drivers/STM32G0xx_HAL_Driver/Inc/stm32g0xx_ll_gpio.h:886:22:LL_GPIO_ResetOutputPin	1
../Core/Src/main.c:67:5:main	10
../Core/Src/main.c:167:6:SystemClock_Config	4
../Core/Src/main.c:201:13:MX_SPI1_Init	2
../Core/Src/main.c:241:13:MX_USART2_UART_Init	3
../Core/Src/main.c:311:13:MX_GPIO_Init	1
../Core/Src/main.c:400:6:Error_Handler	1
