Archive member included to satisfy reference by file (symbol)

/opt/stm32cubeide/plugins/com.st.stm32cube.ide.mcu.externaltools.gnu-tools-for-stm32.11.3.rel1.linux64_1.1.100.202309141235/tools/bin/../lib/gcc/arm-none-eabi/11.3.1/../../../../arm-none-eabi/lib/thumb/v7e-m+fp/hard/libc_nano.a(libc_a-exit.o)
                              /opt/stm32cubeide/plugins/com.st.stm32cube.ide.mcu.externaltools.gnu-tools-for-stm32.11.3.rel1.linux64_1.1.100.202309141235/tools/bin/../lib/gcc/arm-none-eabi/11.3.1/../../../../arm-none-eabi/lib/thumb/v7e-m+fp/hard/crt0.o (exit)
/opt/stm32cubeide/plugins/com.st.stm32cube.ide.mcu.externaltools.gnu-tools-for-stm32.11.3.rel1.linux64_1.1.100.202309141235/tools/bin/../lib/gcc/arm-none-eabi/11.3.1/../../../../arm-none-eabi/lib/thumb/v7e-m+fp/hard/libc_nano.a(libc_a-findfp.o)
                              /opt/stm32cubeide/plugins/com.st.stm32cube.ide.mcu.externaltools.gnu-tools-for-stm32.11.3.rel1.linux64_1.1.100.202309141235/tools/bin/../lib/gcc/arm-none-eabi/11.3.1/../../../../arm-none-eabi/lib/thumb/v7e-m+fp/hard/libc_nano.a(libc_a-exit.o) (__stdio_exit_handler)
/opt/stm32cubeide/plugins/com.st.stm32cube.ide.mcu.externaltools.gnu-tools-for-stm32.11.3.rel1.linux64_1.1.100.202309141235/tools/bin/../lib/gcc/arm-none-eabi/11.3.1/../../../../arm-none-eabi/lib/thumb/v7e-m+fp/hard/libc_nano.a(libc_a-fwalk.o)
                              /opt/stm32cubeide/plugins/com.st.stm32cube.ide.mcu.externaltools.gnu-tools-for-stm32.11.3.rel1.linux64_1.1.100.202309141235/tools/bin/../lib/gcc/arm-none-eabi/11.3.1/../../../../arm-none-eabi/lib/thumb/v7e-m+fp/hard/libc_nano.a(libc_a-findfp.o) (_fwalk_sglue)
/opt/stm32cubeide/plugins/com.st.stm32cube.ide.mcu.externaltools.gnu-tools-for-stm32.11.3.rel1.linux64_1.1.100.202309141235/tools/bin/../lib/gcc/arm-none-eabi/11.3.1/../../../../arm-none-eabi/lib/thumb/v7e-m+fp/hard/libc_nano.a(libc_a-sprintf.o)
                              ./Core/Src/stm32f4xx_it.o (sprintf)
/opt/stm32cubeide/plugins/com.st.stm32cube.ide.mcu.externaltools.gnu-tools-for-stm32.11.3.rel1.linux64_1.1.100.202309141235/tools/bin/../lib/gcc/arm-none-eabi/11.3.1/../../../../arm-none-eabi/lib/thumb/v7e-m+fp/hard/libc_nano.a(libc_a-stdio.o)
                              /opt/stm32cubeide/plugins/com.st.stm32cube.ide.mcu.externaltools.gnu-tools-for-stm32.11.3.rel1.linux64_1.1.100.202309141235/tools/bin/../lib/gcc/arm-none-eabi/11.3.1/../../../../arm-none-eabi/lib/thumb/v7e-m+fp/hard/libc_nano.a(libc_a-findfp.o) (__sread)
/opt/stm32cubeide/plugins/com.st.stm32cube.ide.mcu.externaltools.gnu-tools-for-stm32.11.3.rel1.linux64_1.1.100.202309141235/tools/bin/../lib/gcc/arm-none-eabi/11.3.1/../../../../arm-none-eabi/lib/thumb/v7e-m+fp/hard/libc_nano.a(libc_a-memset.o)
                              /opt/stm32cubeide/plugins/com.st.stm32cube.ide.mcu.externaltools.gnu-tools-for-stm32.11.3.rel1.linux64_1.1.100.202309141235/tools/bin/../lib/gcc/arm-none-eabi/11.3.1/../../../../arm-none-eabi/lib/thumb/v7e-m+fp/hard/crt0.o (memset)
/opt/stm32cubeide/plugins/com.st.stm32cube.ide.mcu.externaltools.gnu-tools-for-stm32.11.3.rel1.linux64_1.1.100.202309141235/tools/bin/../lib/gcc/arm-none-eabi/11.3.1/../../../../arm-none-eabi/lib/thumb/v7e-m+fp/hard/libc_nano.a(libc_a-closer.o)
                              /opt/stm32cubeide/plugins/com.st.stm32cube.ide.mcu.externaltools.gnu-tools-for-stm32.11.3.rel1.linux64_1.1.100.202309141235/tools/bin/../lib/gcc/arm-none-eabi/11.3.1/../../../../arm-none-eabi/lib/thumb/v7e-m+fp/hard/libc_nano.a(libc_a-stdio.o) (_close_r)
/opt/stm32cubeide/plugins/com.st.stm32cube.ide.mcu.externaltools.gnu-tools-for-stm32.11.3.rel1.linux64_1.1.100.202309141235/tools/bin/../lib/gcc/arm-none-eabi/11.3.1/../../../../arm-none-eabi/lib/thumb/v7e-m+fp/hard/libc_nano.a(libc_a-reent.o)
                              /opt/stm32cubeide/plugins/com.st.stm32cube.ide.mcu.externaltools.gnu-tools-for-stm32.11.3.rel1.linux64_1.1.100.202309141235/tools/bin/../lib/gcc/arm-none-eabi/11.3.1/../../../../arm-none-eabi/lib/thumb/v7e-m+fp/hard/libc_nano.a(libc_a-closer.o) (errno)
/opt/stm32cubeide/plugins/com.st.stm32cube.ide.mcu.externaltools.gnu-tools-for-stm32.11.3.rel1.linux64_1.1.100.202309141235/tools/bin/../lib/gcc/arm-none-eabi/11.3.1/../../../../arm-none-eabi/lib/thumb/v7e-m+fp/hard/libc_nano.a(libc_a-impure.o)
                              /opt/stm32cubeide/plugins/com.st.stm32cube.ide.mcu.externaltools.gnu-tools-for-stm32.11.3.rel1.linux64_1.1.100.202309141235/tools/bin/../lib/gcc/arm-none-eabi/11.3.1/../../../../arm-none-eabi/lib/thumb/v7e-m+fp/hard/libc_nano.a(libc_a-sprintf.o) (_impure_ptr)
/opt/stm32cubeide/plugins/com.st.stm32cube.ide.mcu.externaltools.gnu-tools-for-stm32.11.3.rel1.linux64_1.1.100.202309141235/tools/bin/../lib/gcc/arm-none-eabi/11.3.1/../../../../arm-none-eabi/lib/thumb/v7e-m+fp/hard/libc_nano.a(libc_a-lseekr.o)
[...]
Memory Configuration

Name             Origin             Length             Attributes
RAM              0x0000000020000000 0x0000000000020000 xrw
FLASH            0x0000000008000000 0x0000000000080000 xr
*default*        0x0000000000000000 0xffffffffffffffff

Linker script and memory map

LOAD /opt/stm32cubeide/plugins/com.st.stm32cube.ide.mcu.externaltools.gnu-tools-for-stm32.11.3.rel1.linux64_1.1.100.202309141235/tools/bin/../lib/gcc/arm-none-eabi/11.3.1/thumb/v7e-m+fp/hard/crti.o
LOAD /opt/stm32cubeide/plugins/com.st.stm32cube.ide.mcu.externaltools.gnu-tools-for-stm32.11.3.rel1.linux64_1.1.100.202309141235/tools/bin/../lib/gcc/arm-none-eabi/11.3.1/thumb/v7e-m+fp/hard/crtbegin.o
LOAD /opt/stm32cubeide/plugins/com.st.stm32cube.ide.mcu.externaltools.gnu-tools-for-stm32.11.3.rel1.linux64_1.1.100.202309141235/tools/bin/../lib/gcc/arm-none-eabi/11.3.1/../../../../arm-none-eabi/lib/thumb/v7e-m+fp/hard/crt0.o
LOAD ./Core/Src/LoRa.o
LOAD ./Core/Src/main.o
LOAD ./Core/Src/stm32f4xx_hal_msp.o
LOAD ./Core/Src/stm32f4xx_it.o
LOAD ./Core/Src/syscalls.o
LOAD ./Core/Src/sysmem.o
LOAD ./Core/Src/system_stm32f4xx.o
LOAD ./Core/Startup/startup_stm32f446retx.o
LOAD ./Drivers/STM32F4xx_HAL_Driver/Src/stm32f4xx_hal.o
LOAD ./Drivers/STM32F4xx_HAL_Driver/Src/stm32f4xx_hal_cortex.o
LOAD ./Drivers/STM32F4xx_HAL_Driver/Src/stm32f4xx_hal_dma.o
LOAD ./Drivers/STM32F4xx_HAL_Driver/Src/stm32f4xx_hal_dma_ex.o
LOAD ./Drivers/STM32F4xx_HAL_Driver/Src/stm32f4xx_hal_exti.o
LOAD ./Drivers/STM32F4xx_HAL_Driver/Src/stm32f4xx_hal_flash.o
LOAD ./Drivers/STM32F4xx_HAL_Driver/Src/stm32f4xx_hal_flash_ex.o
LOAD ./Drivers/STM32F4xx_HAL_Driver/Src/stm32f4xx_hal_flash_ramfunc.o
LOAD ./Drivers/STM32F4xx_HAL_Driver/Src/stm32f4xx_hal_gpio.o
LOAD ./Drivers/STM32F4xx_HAL_Driver/Src/stm32f4xx_hal_pwr.o
LOAD ./Drivers/STM32F4xx_HAL_Driver/Src/stm32f4xx_hal_pwr_ex.o
LOAD ./Drivers/STM32F4xx_HAL_Driver/Src/stm32f4xx_hal_rcc.o
LOAD ./Drivers/STM32F4xx_HAL_Driver/Src/stm32f4xx_hal_rcc_ex.o
LOAD ./Drivers/STM32F4xx_HAL_Driver/Src/stm32f4xx_hal_spi.o
LOAD ./Drivers/STM32F4xx_HAL_Driver/Src/stm32f4xx_hal_tim.o
LOAD ./Drivers/STM32F4xx_HAL_Driver/Src/stm32f4xx_hal_tim_ex.o
LOAD ./Drivers/STM32F4xx_HAL_Driver/Src/stm32f4xx_ll_dma.o
LOAD ./Drivers/STM32F4xx_HAL_Driver/Src/stm32f4xx_ll_exti.o
LOAD ./Drivers/STM32F4xx_HAL_Driver/Src/stm32f4xx_ll_gpio.o
LOAD ./Drivers/STM32F4xx_HAL_Driver/Src/stm32f4xx_ll_rcc.o
LOAD ./Drivers/STM32F4xx_HAL_Driver/Src/stm32f4xx_ll_tim.o
LOAD ./Drivers/STM32F4xx_HAL_Driver/Src/stm32f4xx_ll_usart.o
LOAD ./Drivers/STM32F4xx_HAL_Driver/Src/stm32f4xx_ll_utils.o
START GROUP
LOAD /opt/stm32cubeide/plugins/com.st.stm32cube.ide.mcu.externaltools.gnu-tools-for-stm32.11.3.rel1.linux64_1.1.100.202309141235/tools/bin/../lib/gcc/arm-none-eabi/11.3.1/../../../../arm-none-eabi/lib/thumb/v7e-m+fp/hard/libc_nano.a
LOAD /opt/stm32cubeide/plugins/com.st.stm32cube.ide.mcu.externaltools.gnu-tools-for-stm32.11.3.rel1.linux64_1.1.100.202309141235/tools/bin/../lib/gcc/arm-none-eabi/11.3.1/../../../../arm-none-eabi/lib/thumb/v7e-m+fp/hard/libm.a
END GROUP
START GROUP
LOAD /opt/stm32cubeide/plugins/com.st.stm32cube.ide.mcu.externaltools.gnu-tools-for-stm32.11.3.rel1.linux64_1.1.100.202309141235/tools/bin/../lib/gcc/arm-none-eabi/11.3.1/thumb/v7e-m+fp/hard/libgcc.a
LOAD /opt/stm32cubeide/plugins/com.st.stm32cube.ide.mcu.externaltools.gnu-tools-for-stm32.11.3.rel1.linux64_1.1.100.202309141235/tools/bin/../lib/gcc/arm-none-eabi/11.3.1/../../../../arm-none-eabi/lib/thumb/v7e-m+fp/hard/libc_nano.a
END GROUP
START GROUP
LOAD /opt/stm32cubeide/plugins/com.st.stm32cube.ide.mcu.externaltools.gnu-tools-for-stm32.11.3.rel1.linux64_1.1.100.202309141235/tools/bin/../lib/gcc/arm-none-eabi/11.3.1/thumb/v7e-m+fp/hard/libgcc.a
LOAD /opt/stm32cubeide/plugins/com.st.stm32cube.ide.mcu.externaltools.gnu-tools-for-stm32.11.3.rel1.linux64_1.1.100.202309141235/tools/bin/../lib/gcc/arm-none-eabi/11.3.1/../../../../arm-none-eabi/lib/thumb/v7e-m+fp/hard/libc_nano.a
LOAD /opt/stm32cubeide/plugins/com.st.stm32cube.ide.mcu.externaltools.gnu-tools-for-stm32.11.3.rel1.linux64_1.1.100.202309141235/tools/bin/../lib/gcc/arm-none-eabi/11.3.1/../../../../arm-none-eabi/lib/thumb/v7e-m+fp/hard/libnosys.a
END GROUP
START GROUP
LOAD /opt/stm32cubeide/plugins/com.st.stm32cube.ide.mcu.externaltools.gnu-tools-for-stm32.11.3.rel1.linux64_1.1.100.202309141235/tools/bin/../lib/gcc/arm-none-eabi/11.3.1/thumb/v7e-m+fp/hard/libgcc.a
LOAD /opt/stm32cubeide/plugins/com.st.stm32cube.ide.mcu.externaltools.gnu-tools-for-stm32.11.3.rel1.linux64_1.1.100.202309141235/tools/bin/../lib/gcc/arm-none-eabi/11.3.1/../../../../arm-none-eabi/lib/thumb/v7e-m+fp/hard/libc_nano.a
LOAD /opt/stm32cubeide/plugins/com.st.stm32cube.ide.mcu.externaltools.gnu-tools-for-stm32.11.3.rel1.linux64_1.1.100.202309141235/tools/bin/../lib/gcc/arm-none-eabi/11.3.1/../../../../arm-none-eabi/lib/thumb/v7e-m+fp/hard/libnosys.a
END GROUP
LOAD /opt/stm32cubeide/plugins/com.st.stm32cube.ide.mcu.externaltools.gnu-tools-for-stm32.11.3.rel1.linux64_1.1.100.202309141235/tools/bin/../lib/gcc/arm-none-eabi/11.3.1/thumb/v7e-m+fp/hard/crtend.o
LOAD /opt/stm32cubeide/plugins/com.st.stm32cube.ide.mcu.externaltools.gnu-tools-for-stm32.11.3.rel1.linux64_1.1.100.202309141235/tools/bin/../lib/gcc/arm-none-eabi/11.3.1/thumb/v7e-m+fp/hard/crtn.o
                0x0000000020020000                _estack = (ORIGIN (RAM) + LENGTH (RAM))
                0x0000000000000200                _Min_Heap_Size = 0x200
                0x0000000000000400                _Min_Stack_Size = 0x400

.isr_vector     0x0000000008000000      0x1c4
                0x0000000008000000                . = ALIGN (0x4)
 *(.isr_vector)
 .isr_vector    0x0000000008000000      0x1c4 ./Core/Startup/startup_stm32f446retx.o
                0x0000000008000000                g_pfnVectors
                0x00000000080001c4                . = ALIGN (0x4)

.text           0x00000000080001d0     0x5c20
                0x00000000080001d0                . = ALIGN (0x4)
 *(.text)
 .text          0x00000000080001d0       0x40 /opt/stm32cubeide/plugins/com.st.stm32cube.ide.mcu.externaltools.gnu-tools-for-stm32.11.3.rel1.linux64_1.1.100.202309141235/tools/bin/../lib/gcc/arm-none-eabi/11.3.1/thumb/v7e-m+fp/hard/crtbegin.o
 .text          0x0000000008000210       0xa0 /opt/stm32cubeide/plugins/com.st.stm32cube.ide.mcu.externaltools.gnu-tools-for-stm32.11.3.rel1.linux64_1.1.100.202309141235/tools/bin/../lib/gcc/arm-none-eabi/11.3.1/../../../../arm-none-eabi/lib/thumb/v7e-m+fp/hard/libc_nano.a(libc_a-memchr.o)
                0x0000000008000210                memchr
 .text          0x00000000080002b0      0x378 /opt/stm32cubeide/plugins/com.st.stm32cube.ide.mcu.externaltools.gnu-tools-for-stm32.11.3.rel1.linux64_1.1.100.202309141235/tools/bin/../lib/gcc/arm-none-eabi/11.3.1/thumb/v7e-m+fp/hard/libgcc.a(_arm_addsubdf3.o)
                0x00000000080002b0                __aeabi_drsub
                0x00000000080002b8                __aeabi_dsub
                0x00000000080002b8                __subdf3
                0x00000000080002bc                __adddf3
                0x00000000080002bc                __aeabi_dadd
                0x0000000008000534                __aeabi_ui2d
                0x0000000008000534                __floatunsidf
                0x0000000008000554                __floatsidf
                0x0000000008000554                __aeabi_i2d
                0x0000000008000578                __extendsfdf2
                0x0000000008000578                __aeabi_f2d
                0x00000000080005bc                __aeabi_ul2d
                0x00000000080005bc                __floatundidf
                0x00000000080005cc                __floatdidf
                0x00000000080005cc                __aeabi_l2d
 .text          0x0000000008000628      0x424 /opt/stm32cubeide/plugins/com.st.stm32cube.ide.mcu.externaltools.gnu-tools-for-stm32.11.3.rel1.linux64_1.1.100.202309141235/tools/bin/../lib/gcc/arm-none-eabi/11.3.1/thumb/v7e-m+fp/hard/libgcc.a(_arm_muldivdf3.o)
                0x0000000008000628                __aeabi_dmul
                0x0000000008000628                __muldf3
                0x000000000800087c                __aeabi_ddiv
                0x000000000800087c                __divdf3
 .text          0x0000000008000a4c       0x50 /opt/stm32cubeide/plugins/com.st.stm32cube.ide.mcu.externaltools.gnu-tools-for-stm32.11.3.rel1.linux64_1.1.100.202309141235/tools/bin/../lib/gcc/arm-none-eabi/11.3.1/thumb/v7e-m+fp/hard/libgcc.a(_arm_fixdfsi.o)
                0x0000000008000a4c                __fixdfsi
                0x0000000008000a4c                __aeabi_d2iz
 .text          0x0000000008000a9c       0x30 /opt/stm32cubeide/plugins/com.st.stm32cube.ide.mcu.externaltools.gnu-tools-for-stm32.11.3.rel1.linux64_1.1.100.202309141235/tools/bin/../lib/gcc/arm-none-eabi/11.3.1/thumb/v7e-m+fp/hard/libgcc.a(_aeabi_uldivmod.o)
                0x0000000008000a9c                __aeabi_uldivmod
 .text          0x0000000008000acc      0x2c8 /opt/stm32cubeide/plugins/com.st.stm32cube.ide.mcu.externaltools.gnu-tools-for-stm32.11.3.rel1.linux64_1.1.100.202309141235/tools/bin/../lib/gcc/arm-none-eabi/11.3.1/thumb/v7e-m+fp/hard/libgcc.a(_udivmoddi4.o)
                0x0000000008000acc                __udivmoddi4
 .text          0x0000000008000d94        0x4 /opt/stm32cubeide/plugins/com.st.stm32cube.ide.mcu.externaltools.gnu-tools-for-stm32.11.3.rel1.linux64_1.1.100.202309141235/tools/bin/../lib/gcc/arm-none-eabi/11.3.1/thumb/v7e-m+fp/hard/libgcc.a(_dvmd_tls.o)
                0x0000000008000d94                __aeabi_ldiv0
                0x0000000008000d94                __aeabi_idiv0
 *(.text*)
 .text.newLoRa  0x0000000008000d98       0x52 ./Core/Src/LoRa.o
                0x0000000008000d98                newLoRa
 .text.LoRa_reset
                0x0000000008000dea       0x3c ./Core/Src/LoRa.o
                0x0000000008000dea                LoRa_reset
 .text.LoRa_gotoMode
                0x0000000008000e26       0xc2 ./Core/Src/LoRa.o
                0x0000000008000e26                LoRa_gotoMode
 .text.LoRa_readReg
                0x0000000008000ee8       0x7c ./Core/Src/LoRa.o
                0x0000000008000ee8                LoRa_readReg
 .text.LoRa_writeReg
                0x0000000008000f64       0x7c ./Core/Src/LoRa.o
                0x0000000008000f64                LoRa_writeReg
 .text.LoRa_setLowDaraRateOptimization
                0x0000000008000fe0       0x4a ./Core/Src/LoRa.o
                0x0000000008000fe0                LoRa_setLowDaraRateOptimization
 *fill*         0x000000000800102a        0x2 
 .text.LoRa_setAutoLDO
                0x000000000800102c       0x6c ./Core/Src/LoRa.o
                0x000000000800102c                LoRa_setAutoLDO
 .text.LoRa_setFrequency
                0x0000000008001098       0x60 ./Core/Src/LoRa.o
                0x0000000008001098                LoRa_setFrequency
 .text.LoRa_setSpreadingFactor
                0x00000000080010f8       0x64 ./Core/Src/LoRa.o
                0x00000000080010f8                LoRa_setSpreadingFactor
 .text.LoRa_setPower
                0x000000000800115c       0x26 ./Core/Src/LoRa.o
                0x000000000800115c                LoRa_setPower
 *fill*         0x0000000008001182        0x2 
 .text.LoRa_setOCP
                0x0000000008001184       0x7c ./Core/Src/LoRa.o
                0x0000000008001184                LoRa_setOCP
 .text.LoRa_setTOMsb_setCRCon
                0x0000000008001200       0x36 ./Core/Src/LoRa.o
                0x0000000008001200                LoRa_setTOMsb_setCRCon
 .text.LoRa_read
                0x0000000008001236       0x34 ./Core/Src/LoRa.o
                0x0000000008001236                LoRa_read
 .text.LoRa_write
                0x000000000800126a       0x3a ./Core/Src/LoRa.o
                0x000000000800126a                LoRa_write
 .text.LoRa_isvalid
                0x00000000080012a4       0x16 ./Core/Src/LoRa.o
                0x00000000080012a4                LoRa_isvalid
 .text.LoRa_startReceiving
                0x00000000080012ba       0x18 ./Core/Src/LoRa.o
                0x00000000080012ba                LoRa_startReceiving
 .text.LoRa_receive
                0x00000000080012d2       0xc0 ./Core/Src/LoRa.o
                0x00000000080012d2                LoRa_receive
 .text.LoRa_init
                0x0000000008001392      0x14e ./Core/Src/LoRa.o
                0x0000000008001392                LoRa_init
 .text.__NVIC_GetPriorityGrouping
                0x00000000080014e0       0x1c ./Core/Src/main.o
 .text.__NVIC_EnableIRQ
                0x00000000080014fc       0x3c ./Core/Src/main.o
 .text.__NVIC_SetPriority
                0x0000000008001538       0x54 ./Core/Src/main.o
 .text.NVIC_EncodePriority
                0x000000000800158c       0x66 ./Core/Src/main.o
 *fill*         0x00000000080015f2        0x2 
 .text.LL_DMA_SetDataTransferDirection
                0x00000000080015f4       0x48 ./Core/Src/main.o
 .text.LL_DMA_SetMode
                0x000000000800163c       0x48 ./Core/Src/main.o
 .text.LL_DMA_SetPeriphIncMode
                0x0000000008001684       0x48 ./Core/Src/main.o
 .text.LL_DMA_SetMemoryIncMode
                0x00000000080016cc       0x48 ./Core/Src/main.o
 .text.LL_DMA_SetPeriphSize
                0x0000000008001714       0x48 ./Core/Src/main.o
 .text.LL_DMA_SetMemorySize
                0x000000000800175c       0x48 ./Core/Src/main.o
 .text.LL_DMA_SetStreamPriorityLevel
                0x00000000080017a4       0x48 ./Core/Src/main.o
 .text.LL_DMA_SetDataLength
                0x00000000080017ec       0x48 ./Core/Src/main.o
 .text.LL_DMA_SetChannelSelection
                0x0000000008001834       0x48 ./Core/Src/main.o
 .text.LL_DMA_DisableFifoMode
                0x000000000800187c       0x40 ./Core/Src/main.o
 .text.LL_DMA_ConfigAddresses
                0x00000000080018bc       0x78 ./Core/Src/main.o
 .text.LL_DMA_EnableIT_TC
                0x0000000008001934       0x40 ./Core/Src/main.o
 .text.LL_RCC_HSI_Enable
                0x0000000008001974       0x20 ./Core/Src/main.o
 .text.LL_RCC_HSI_IsReady
                0x0000000008001994       0x24 ./Core/Src/main.o
 .text.LL_RCC_HSI_SetCalibTrimming
                0x00000000080019b8       0x2c ./Core/Src/main.o
 .text.LL_RCC_SetSysClkSource
                0x00000000080019e4       0x28 ./Core/Src/main.o
 .text.LL_RCC_GetSysClkSource
                0x0000000008001a0c       0x1c ./Core/Src/main.o
 .text.LL_RCC_SetAHBPrescaler
                0x0000000008001a28       0x28 ./Core/Src/main.o
 .text.LL_RCC_SetAPB1Prescaler
                0x0000000008001a50       0x28 ./Core/Src/main.o
 .text.LL_RCC_SetAPB2Prescaler
                0x0000000008001a78       0x28 ./Core/Src/main.o
 .text.LL_RCC_SetTIMPrescaler
                0x0000000008001aa0       0x2c ./Core/Src/main.o
 .text.LL_RCC_PLL_Enable
                0x0000000008001acc       0x20 ./Core/Src/main.o
 .text.LL_RCC_PLL_IsReady
                0x0000000008001aec       0x28 ./Core/Src/main.o
 .text.LL_RCC_PLL_ConfigDomain_SYS
                0x0000000008001b14       0x5c ./Core/Src/main.o
 .text.LL_AHB1_GRP1_EnableClock
                0x0000000008001b70       0x30 ./Core/Src/main.o
 .text.LL_APB1_GRP1_EnableClock
                0x0000000008001ba0       0x30 ./Core/Src/main.o
 .text.LL_SYSCFG_SetEXTISource
                0x0000000008001bd0       0x5c ./Core/Src/main.o
 .text.LL_FLASH_SetLatency
                0x0000000008001c2c       0x28 ./Core/Src/main.o
 .text.LL_FLASH_GetLatency
                0x0000000008001c54       0x1c ./Core/Src/main.o
 .text.LL_PWR_EnableOverDriveMode
                0x0000000008001c70       0x20 ./Core/Src/main.o
 .text.LL_PWR_SetRegulVoltageScaling
                0x0000000008001c90       0x28 ./Core/Src/main.o
 .text.LL_PWR_IsActiveFlag_VOS
                0x0000000008001cb8       0x28 ./Core/Src/main.o
 .text.LL_TIM_DisableARRPreload
                0x0000000008001ce0       0x20 ./Core/Src/main.o
 .text.LL_TIM_OC_DisableFast
                0x0000000008001d00       0x8c ./Core/Src/main.o
 .text.LL_TIM_OC_EnablePreload
                0x0000000008001d8c       0x88 ./Core/Src/main.o
 .text.LL_TIM_OC_SetCompareCH1
                0x0000000008001e14       0x1c ./Core/Src/main.o
 .text.LL_TIM_SetClockSource
                0x0000000008001e30       0x2a ./Core/Src/main.o
 .text.LL_TIM_SetTriggerOutput
                0x0000000008001e5a       0x26 ./Core/Src/main.o
 .text.LL_TIM_DisableMasterSlaveMode
                0x0000000008001e80       0x20 ./Core/Src/main.o
 .text.LL_USART_Enable
                0x0000000008001ea0       0x20 ./Core/Src/main.o
 .text.LL_USART_ConfigAsyncMode
                0x0000000008001ec0       0x2c ./Core/Src/main.o
 .text.LL_USART_IsActiveFlag_TXE
                0x0000000008001eec       0x26 ./Core/Src/main.o
 .text.LL_USART_EnableIT_RXNE
                0x0000000008001f12       0x46 ./Core/Src/main.o
 .text.LL_USART_EnableDMAReq_TX
                0x0000000008001f58       0x46 ./Core/Src/main.o
 .text.LL_USART_DMA_GetRegAddr
                0x0000000008001f9e       0x18 ./Core/Src/main.o
 .text.LL_USART_TransmitData8
                0x0000000008001fb6       0x1e ./Core/Src/main.o
 .text.LL_GPIO_SetPinMode
                0x0000000008001fd4       0x5e ./Core/Src/main.o
 .text.LL_GPIO_SetPinPull
                0x0000000008002032       0x5e ./Core/Src/main.o
 .text.LL_GPIO_SetOutputPin
                0x0000000008002090       0x1c ./Core/Src/main.o
 .text.LL_GPIO_ResetOutputPin
                0x00000000080020ac       0x1e ./Core/Src/main.o
 *fill*         0x00000000080020ca        0x2 
 .text.main     0x00000000080020cc      0x2fc ./Core/Src/main.o
                0x00000000080020cc                main
 .text.SystemClock_Config
                0x00000000080023c8       0xac ./Core/Src/main.o
                0x00000000080023c8                SystemClock_Config
 .text.MX_SPI2_Init
                0x0000000008002474       0x6c ./Core/Src/main.o
 .text.MX_TIM3_Init
                0x00000000080024e0       0xe8 ./Core/Src/main.o
 .text.MX_USART2_UART_Init
                0x00000000080025c8      0x13c ./Core/Src/main.o
 .text.MX_USART3_UART_Init
                0x0000000008002704       0xf4 ./Core/Src/main.o
 .text.MX_DMA_Init
                0x00000000080027f8       0x30 ./Core/Src/main.o
 .text.MX_GPIO_Init
                0x0000000008002828      0x15c ./Core/Src/main.o
 .text.Error_Handler
                0x0000000008002984        0xa ./Core/Src/main.o
                0x0000000008002984                Error_Handler
 *fill*         0x000000000800298e        0x2 
 .text.HAL_MspInit
                0x0000000008002990       0x50 ./Core/Src/stm32f4xx_hal_msp.o
                0x0000000008002990                HAL_MspInit
 .text.HAL_SPI_MspInit
                0x00000000080029e0       0xf0 ./Core/Src/stm32f4xx_hal_msp.o
                0x00000000080029e0                HAL_SPI_MspInit
 .text.LL_DMA_EnableStream
                0x0000000008002ad0       0x40 ./Core/Src/stm32f4xx_it.o
 .text.LL_DMA_IsActiveFlag_TC6
                0x0000000008002b10       0x28 ./Core/Src/stm32f4xx_it.o
 .text.LL_DMA_ClearFlag_TC6
                0x0000000008002b38       0x1c ./Core/Src/stm32f4xx_it.o
 .text.LL_EXTI_IsActiveFlag_0_31
                0x0000000008002b54       0x2c ./Core/Src/stm32f4xx_it.o
 .text.LL_EXTI_ClearFlag_0_31
                0x0000000008002b80       0x20 ./Core/Src/stm32f4xx_it.o
 .text.LL_USART_IsActiveFlag_PE
                0x0000000008002ba0       0x26 ./Core/Src/stm32f4xx_it.o
 .text.LL_USART_IsActiveFlag_FE
                0x0000000008002bc6       0x26 ./Core/Src/stm32f4xx_it.o
 .text.LL_USART_IsActiveFlag_ORE
                0x0000000008002bec       0x26 ./Core/Src/stm32f4xx_it.o
 .text.LL_USART_IsActiveFlag_RXNE
                0x0000000008002c12       0x26 ./Core/Src/stm32f4xx_it.o
 .text.LL_USART_ClearFlag_RXNE
                0x0000000008002c38       0x1c ./Core/Src/stm32f4xx_it.o
 .text.LL_USART_ReceiveData8
                0x0000000008002c54       0x1a ./Core/Src/stm32f4xx_it.o
 .text.LL_GPIO_TogglePin
                0x0000000008002c6e       0x32 ./Core/Src/stm32f4xx_it.o
 .text.NMI_Handler
                0x0000000008002ca0        0x6 ./Core/Src/stm32f4xx_it.o
                0x0000000008002ca0                NMI_Handler
 .text.HardFault_Handler
                0x0000000008002ca6        0x6 ./Core/Src/stm32f4xx_it.o
                0x0000000008002ca6                HardFault_Handler
 .text.MemManage_Handler
                0x0000000008002cac        0x6 ./Core/Src/stm32f4xx_it.o
                0x0000000008002cac                MemManage_Handler
 .text.BusFault_Handler
                0x0000000008002cb2        0x6 ./Core/Src/stm32f4xx_it.o
                0x0000000008002cb2                BusFault_Handler
 .text.UsageFault_Handler
                0x0000000008002cb8        0x6 ./Core/Src/stm32f4xx_it.o
                0x0000000008002cb8                UsageFault_Handler
 .text.SVC_Handler
                0x0000000008002cbe        0xe ./Core/Src/stm32f4xx_it.o
                0x0000000008002cbe                SVC_Handler
 .text.DebugMon_Handler
                0x0000000008002ccc        0xe ./Core/Src/stm32f4xx_it.o
                0x0000000008002ccc                DebugMon_Handler
 .text.PendSV_Handler
                0x0000000008002cda        0xe ./Core/Src/stm32f4xx_it.o
                0x0000000008002cda                PendSV_Handler
 .text.SysTick_Handler
                0x0000000008002ce8        0xc ./Core/Src/stm32f4xx_it.o
                0x0000000008002ce8                SysTick_Handler
 .text.DMA1_Stream6_IRQHandler
                0x0000000008002cf4       0x30 ./Core/Src/stm32f4xx_it.o
                0x0000000008002cf4                DMA1_Stream6_IRQHandler
 .text.USART3_IRQHandler
                0x0000000008002d24       0xb8 ./Core/Src/stm32f4xx_it.o
                0x0000000008002d24                USART3_IRQHandler
 .text.EXTI15_10_IRQHandler
                0x0000000008002ddc       0x2c ./Core/Src/stm32f4xx_it.o
                0x0000000008002ddc                EXTI15_10_IRQHandler
 .text._sbrk    0x0000000008002e08       0x6c ./Core/Src/sysmem.o
                0x0000000008002e08                _sbrk
 .text.SystemInit
                0x0000000008002e74       0x24 ./Core/Src/system_stm32f4xx.o
                0x0000000008002e74                SystemInit
 .text.Reset_Handler
                0x0000000008002e98       0x50 ./Core/Startup/startup_stm32f446retx.o
                0x0000000008002e98                Reset_Handler
 .text.Default_Handler
                0x0000000008002ee8        0x2 ./Core/Startup/startup_stm32f446retx.o
                0x0000000008002ee8                RTC_Alarm_IRQHandler
                0x0000000008002ee8                EXTI2_IRQHandler
                0x0000000008002ee8                TIM8_CC_IRQHandler
                0x0000000008002ee8                FMPI2C1_EV_IRQHandler
                0x0000000008002ee8                SPI4_IRQHandler
                0x0000000008002ee8                TIM1_CC_IRQHandler
                0x0000000008002ee8                DMA2_Stream5_IRQHandler
                0x0000000008002ee8                DMA1_Stream5_IRQHandler
                0x0000000008002ee8                PVD_IRQHandler
                0x0000000008002ee8                SDIO_IRQHandler
                0x0000000008002ee8                TAMP_STAMP_IRQHandler
                0x0000000008002ee8                CAN2_RX1_IRQHandler
                0x0000000008002ee8                EXTI3_IRQHandler
                0x0000000008002ee8                TIM8_TRG_COM_TIM14_IRQHandler
                0x0000000008002ee8                TIM1_UP_TIM10_IRQHandler
                0x0000000008002ee8                TIM8_UP_TIM13_IRQHandler
                0x0000000008002ee8                I2C3_ER_IRQHandler
                0x0000000008002ee8                EXTI0_IRQHandler
                0x0000000008002ee8                I2C2_EV_IRQHandler
                0x0000000008002ee8                DMA1_Stream2_IRQHandler
                0x0000000008002ee8                CAN1_RX0_IRQHandler
                0x0000000008002ee8                FPU_IRQHandler
                0x0000000008002ee8                OTG_HS_WKUP_IRQHandler
                0x0000000008002ee8                CAN2_SCE_IRQHandler
                0x0000000008002ee8                DMA2_Stream2_IRQHandler
                0x0000000008002ee8                SPI1_IRQHandler
                0x0000000008002ee8                TIM6_DAC_IRQHandler
                0x0000000008002ee8                TIM1_BRK_TIM9_IRQHandler
                0x0000000008002ee8                DCMI_IRQHandler
                0x0000000008002ee8                CAN2_RX0_IRQHandler
                0x0000000008002ee8                DMA2_Stream3_IRQHandler
                0x0000000008002ee8                SAI2_IRQHandler
                0x0000000008002ee8                USART6_IRQHandler
                0x0000000008002ee8                CAN1_RX1_IRQHandler
                0x0000000008002ee8                UART5_IRQHandler
                0x0000000008002ee8                DMA2_Stream0_IRQHandler
                0x0000000008002ee8                TIM4_IRQHandler
                0x0000000008002ee8                QUADSPI_IRQHandler
                0x0000000008002ee8                I2C1_EV_IRQHandler
                0x0000000008002ee8                DMA1_Stream1_IRQHandler
                0x0000000008002ee8                UART4_IRQHandler
                0x0000000008002ee8                TIM3_IRQHandler
                0x0000000008002ee8                RCC_IRQHandler
                0x0000000008002ee8                TIM8_BRK_TIM12_IRQHandler
                0x0000000008002ee8                Default_Handler
                0x0000000008002ee8                CEC_IRQHandler
                0x0000000008002ee8                ADC_IRQHandler
                0x0000000008002ee8                DMA1_Stream7_IRQHandler
                0x0000000008002ee8                TIM7_IRQHandler
                0x0000000008002ee8                CAN2_TX_IRQHandler
                0x0000000008002ee8                TIM5_IRQHandler
                0x0000000008002ee8                DMA2_Stream7_IRQHandler
                0x0000000008002ee8                I2C3_EV_IRQHandler
                0x0000000008002ee8                EXTI9_5_IRQHandler
                0x0000000008002ee8                RTC_WKUP_IRQHandler
                0x0000000008002ee8                SPDIF_RX_IRQHandler
                0x0000000008002ee8                SPI2_IRQHandler
                0x0000000008002ee8                OTG_HS_EP1_IN_IRQHandler
                0x0000000008002ee8                DMA1_Stream0_IRQHandler
                0x0000000008002ee8                CAN1_TX_IRQHandler
                0x0000000008002ee8                FMPI2C1_ER_IRQHandler
                0x0000000008002ee8                EXTI4_IRQHandler
                0x0000000008002ee8                OTG_HS_EP1_OUT_IRQHandler
                0x0000000008002ee8                WWDG_IRQHandler
                0x0000000008002ee8                TIM2_IRQHandler
                0x0000000008002ee8                OTG_FS_WKUP_IRQHandler
                0x0000000008002ee8                TIM1_TRG_COM_TIM11_IRQHandler
                0x0000000008002ee8                OTG_HS_IRQHandler
                0x0000000008002ee8                EXTI1_IRQHandler
                0x0000000008002ee8                USART2_IRQHandler
                0x0000000008002ee8                I2C2_ER_IRQHandler
                0x0000000008002ee8                DMA2_Stream1_IRQHandler
                0x0000000008002ee8                CAN1_SCE_IRQHandler
                0x0000000008002ee8                FLASH_IRQHandler
                0x0000000008002ee8                DMA2_Stream4_IRQHandler
                0x0000000008002ee8                USART1_IRQHandler
                0x0000000008002ee8                OTG_FS_IRQHandler
                0x0000000008002ee8                SPI3_IRQHandler
                0x0000000008002ee8                DMA1_Stream4_IRQHandler
                0x0000000008002ee8                I2C1_ER_IRQHandler
                0x0000000008002ee8                FMC_IRQHandler
                0x0000000008002ee8                DMA2_Stream6_IRQHandler
                0x0000000008002ee8                SAI1_IRQHandler
                0x0000000008002ee8                DMA1_Stream3_IRQHandler
 *fill*         0x0000000008002eea        0x2 
 .text.HAL_Init
                0x0000000008002eec       0x44 ./Drivers/STM32F4xx_HAL_Driver/Src/stm32f4xx_hal.o
                0x0000000008002eec                HAL_Init
 .text.HAL_InitTick
                0x0000000008002f30       0x60 ./Drivers/STM32F4xx_HAL_Driver/Src/stm32f4xx_hal.o
                0x0000000008002f30                HAL_InitTick
 .text.HAL_IncTick
                0x0000000008002f90       0x28 ./Drivers/STM32F4xx_HAL_Driver/Src/stm32f4xx_hal.o
                0x0000000008002f90                HAL_IncTick
 .text.HAL_GetTick
                0x0000000008002fb8       0x18 ./Drivers/STM32F4xx_HAL_Driver/Src/stm32f4xx_hal.o
                0x0000000008002fb8                HAL_GetTick
 .text.HAL_Delay
                0x0000000008002fd0       0x48 ./Drivers/STM32F4xx_HAL_Driver/Src/stm32f4xx_hal.o
                0x0000000008002fd0                HAL_Delay
 .text.__NVIC_SetPriorityGrouping
                0x0000000008003018       0x48 ./Drivers/STM32F4xx_HAL_Driver/Src/stm32f4xx_hal_cortex.o
 .text.__NVIC_GetPriorityGrouping
                0x0000000008003060       0x1c ./Drivers/STM32F4xx_HAL_Driver/Src/stm32f4xx_hal_cortex.o
 .text.__NVIC_SetPriority
                0x000000000800307c       0x54 ./Drivers/STM32F4xx_HAL_Driver/Src/stm32f4xx_hal_cortex.o
 .text.NVIC_EncodePriority
                0x00000000080030d0       0x66 ./Drivers/STM32F4xx_HAL_Driver/Src/stm32f4xx_hal_cortex.o
 *fill*         0x0000000008003136        0x2 
 .text.SysTick_Config
                0x0000000008003138       0x44 ./Drivers/STM32F4xx_HAL_Driver/Src/stm32f4xx_hal_cortex.o
 .text.HAL_NVIC_SetPriorityGrouping
                0x000000000800317c       0x16 ./Drivers/STM32F4xx_HAL_Driver/Src/stm32f4xx_hal_cortex.o
                0x000000000800317c                HAL_NVIC_SetPriorityGrouping
 .text.HAL_NVIC_SetPriority
                0x0000000008003192       0x38 ./Drivers/STM32F4xx_HAL_Driver/Src/stm32f4xx_hal_cortex.o
                0x0000000008003192                HAL_NVIC_SetPriority
 .text.HAL_SYSTICK_Config
                0x00000000080031ca       0x18 ./Drivers/STM32F4xx_HAL_Driver/Src/stm32f4xx_hal_cortex.o
                0x00000000080031ca                HAL_SYSTICK_Config
 *fill*         0x00000000080031e2        0x2 
 .text.HAL_GPIO_Init
                0x00000000080031e4      0x328 ./Drivers/STM32F4xx_HAL_Driver/Src/stm32f4xx_hal_gpio.o
                0x00000000080031e4                HAL_GPIO_Init
 .text.HAL_GPIO_WritePin
                0x000000000800350c       0x32 ./Drivers/STM32F4xx_HAL_Driver/Src/stm32f4xx_hal_gpio.o
                0x000000000800350c                HAL_GPIO_WritePin
 .text.HAL_SPI_Init
                0x000000000800353e      0x112 ./Drivers/STM32F4xx_HAL_Driver/Src/stm32f4xx_hal_spi.o
                0x000000000800353e                HAL_SPI_Init
 .text.HAL_SPI_Transmit
                0x0000000008003650      0x278 ./Drivers/STM32F4xx_HAL_Driver/Src/stm32f4xx_hal_spi.o
                0x0000000008003650                HAL_SPI_Transmit
 .text.HAL_SPI_Receive
                0x00000000080038c8      0x222 ./Drivers/STM32F4xx_HAL_Driver/Src/stm32f4xx_hal_spi.o
                0x00000000080038c8                HAL_SPI_Receive
 .text.HAL_SPI_TransmitReceive
                0x0000000008003aea      0x344 ./Drivers/STM32F4xx_HAL_Driver/Src/stm32f4xx_hal_spi.o
                0x0000000008003aea                HAL_SPI_TransmitReceive
 .text.HAL_SPI_GetState
                0x0000000008003e2e       0x1c ./Drivers/STM32F4xx_HAL_Driver/Src/stm32f4xx_hal_spi.o
                0x0000000008003e2e                HAL_SPI_GetState
 *fill*         0x0000000008003e4a        0x2 
 .text.SPI_WaitFlagStateUntilTimeout
                0x0000000008003e4c      0x110 ./Drivers/STM32F4xx_HAL_Driver/Src/stm32f4xx_hal_spi.o
 .text.SPI_EndRxTransaction
                0x0000000008003f5c       0xca ./Drivers/STM32F4xx_HAL_Driver/Src/stm32f4xx_hal_spi.o
 *fill*         0x0000000008004026        0x2 
 .text.SPI_EndRxTxTransaction
                0x0000000008004028       0x84 ./Drivers/STM32F4xx_HAL_Driver/Src/stm32f4xx_hal_spi.o
 .text.LL_EXTI_EnableIT_0_31
                0x00000000080040ac       0x24 ./Drivers/STM32F4xx_HAL_Driver/Src/stm32f4xx_ll_exti.o
 .text.LL_EXTI_DisableIT_0_31
                0x00000000080040d0       0x28 ./Drivers/STM32F4xx_HAL_Driver/Src/stm32f4xx_ll_exti.o
 .text.LL_EXTI_EnableEvent_0_31
                0x00000000080040f8       0x24 ./Drivers/STM32F4xx_HAL_Driver/Src/stm32f4xx_ll_exti.o
 .text.LL_EXTI_DisableEvent_0_31
                0x000000000800411c       0x28 ./Drivers/STM32F4xx_HAL_Driver/Src/stm32f4xx_ll_exti.o
 .text.LL_EXTI_EnableRisingTrig_0_31
                0x0000000008004144       0x24 ./Drivers/STM32F4xx_HAL_Driver/Src/stm32f4xx_ll_exti.o
 .text.LL_EXTI_DisableRisingTrig_0_31
                0x0000000008004168       0x28 ./Drivers/STM32F4xx_HAL_Driver/Src/stm32f4xx_ll_exti.o
 .text.LL_EXTI_EnableFallingTrig_0_31
                0x0000000008004190       0x24 ./Drivers/STM32F4xx_HAL_Driver/Src/stm32f4xx_ll_exti.o
 .text.LL_EXTI_DisableFallingTrig_0_31
                0x00000000080041b4       0x28 ./Drivers/STM32F4xx_HAL_Driver/Src/stm32f4xx_ll_exti.o
 .text.LL_EXTI_Init
                0x00000000080041dc       0xfe ./Drivers/STM32F4xx_HAL_Driver/Src/stm32f4xx_ll_exti.o
                0x00000000080041dc                LL_EXTI_Init
 .text.LL_GPIO_SetPinMode
                0x00000000080042da       0x5e ./Drivers/STM32F4xx_HAL_Driver/Src/stm32f4xx_ll_gpio.o
 .text.LL_GPIO_SetPinOutputType
                0x0000000008004338       0x30 ./Drivers/STM32F4xx_HAL_Driver/Src/stm32f4xx_ll_gpio.o
 .text.LL_GPIO_SetPinSpeed
                0x0000000008004368       0x5e ./Drivers/STM32F4xx_HAL_Driver/Src/stm32f4xx_ll_gpio.o
 .text.LL_GPIO_SetPinPull
                0x00000000080043c6       0x5e ./Drivers/STM32F4xx_HAL_Driver/Src/stm32f4xx_ll_gpio.o
 .text.LL_GPIO_SetAFPin_0_7
                0x0000000008004424       0x5e ./Drivers/STM32F4xx_HAL_Driver/Src/stm32f4xx_ll_gpio.o
 .text.LL_GPIO_SetAFPin_8_15
                0x0000000008004482       0x62 ./Drivers/STM32F4xx_HAL_Driver/Src/stm32f4xx_ll_gpio.o
 .text.LL_GPIO_Init
                0x00000000080044e4       0xe6 ./Drivers/STM32F4xx_HAL_Driver/Src/stm32f4xx_ll_gpio.o
                0x00000000080044e4                LL_GPIO_Init
 *fill*         0x00000000080045ca        0x2 
 .text.LL_RCC_GetSysClkSource
                0x00000000080045cc       0x1c ./Drivers/STM32F4xx_HAL_Driver/Src/stm32f4xx_ll_rcc.o
 .text.LL_RCC_GetAHBPrescaler
                0x00000000080045e8       0x1c ./Drivers/STM32F4xx_HAL_Driver/Src/stm32f4xx_ll_rcc.o
 .text.LL_RCC_GetAPB1Prescaler
                0x0000000008004604       0x1c ./Drivers/STM32F4xx_HAL_Driver/Src/stm32f4xx_ll_rcc.o
 .text.LL_RCC_GetAPB2Prescaler
                0x0000000008004620       0x1c ./Drivers/STM32F4xx_HAL_Driver/Src/stm32f4xx_ll_rcc.o
 .text.LL_RCC_PLL_GetMainSource
                0x000000000800463c       0x1c ./Drivers/STM32F4xx_HAL_Driver/Src/stm32f4xx_ll_rcc.o
 .text.LL_RCC_PLL_GetN
                0x0000000008004658       0x1c ./Drivers/STM32F4xx_HAL_Driver/Src/stm32f4xx_ll_rcc.o
 .text.LL_RCC_PLL_GetP
                0x0000000008004674       0x1c ./Drivers/STM32F4xx_HAL_Driver/Src/stm32f4xx_ll_rcc.o
 .text.LL_RCC_PLL_GetR
                0x0000000008004690       0x1c ./Drivers/STM32F4xx_HAL_Driver/Src/stm32f4xx_ll_rcc.o
 .text.LL_RCC_PLL_GetDivider
                0x00000000080046ac       0x1c ./Drivers/STM32F4xx_HAL_Driver/Src/stm32f4xx_ll_rcc.o
 .text.LL_RCC_GetSystemClocksFreq
                0x00000000080046c8       0x4a ./Drivers/STM32F4xx_HAL_Driver/Src/stm32f4xx_ll_rcc.o
                0x00000000080046c8                LL_RCC_GetSystemClocksFreq
 *fill*         0x0000000008004712        0x2 
 .text.RCC_GetSystemClockFreq
                0x0000000008004714       0x88 ./Drivers/STM32F4xx_HAL_Driver/Src/stm32f4xx_ll_rcc.o
                0x0000000008004714                RCC_GetSystemClockFreq
 .text.RCC_GetHCLKClockFreq
                0x000000000800479c       0x2c ./Drivers/STM32F4xx_HAL_Driver/Src/stm32f4xx_ll_rcc.o
                0x000000000800479c                RCC_GetHCLKClockFreq
 .text.RCC_GetPCLK1ClockFreq
                0x00000000080047c8       0x28 ./Drivers/STM32F4xx_HAL_Driver/Src/stm32f4xx_ll_rcc.o
                0x00000000080047c8                RCC_GetPCLK1ClockFreq
 .text.RCC_GetPCLK2ClockFreq
                0x00000000080047f0       0x28 ./Drivers/STM32F4xx_HAL_Driver/Src/stm32f4xx_ll_rcc.o
                0x00000000080047f0                RCC_GetPCLK2ClockFreq
 .text.RCC_PLL_GetFreqDomain_SYS
                0x0000000008004818       0xa4 ./Drivers/STM32F4xx_HAL_Driver/Src/stm32f4xx_ll_rcc.o
                0x0000000008004818                RCC_PLL_GetFreqDomain_SYS
 .text.LL_TIM_SetPrescaler
                0x00000000080048bc       0x1c ./Drivers/STM32F4xx_HAL_Driver/Src/stm32f4xx_ll_tim.o
 .text.LL_TIM_SetAutoReload
                0x00000000080048d8       0x1c ./Drivers/STM32F4xx_HAL_Driver/Src/stm32f4xx_ll_tim.o
 .text.LL_TIM_SetRepetitionCounter
                0x00000000080048f4       0x1c ./Drivers/STM32F4xx_HAL_Driver/Src/stm32f4xx_ll_tim.o
 .text.LL_TIM_OC_SetCompareCH1
                0x0000000008004910       0x1c ./Drivers/STM32F4xx_HAL_Driver/Src/stm32f4xx_ll_tim.o
 .text.LL_TIM_OC_SetCompareCH2
                0x000000000800492c       0x1c ./Drivers/STM32F4xx_HAL_Driver/Src/stm32f4xx_ll_tim.o
 .text.LL_TIM_OC_SetCompareCH3
                0x0000000008004948       0x1c ./Drivers/STM32F4xx_HAL_Driver/Src/stm32f4xx_ll_tim.o
 .text.LL_TIM_OC_SetCompareCH4
                0x0000000008004964       0x1c ./Drivers/STM32F4xx_HAL_Driver/Src/stm32f4xx_ll_tim.o
 .text.LL_TIM_GenerateEvent_UPDATE
                0x0000000008004980       0x20 ./Drivers/STM32F4xx_HAL_Driver/Src/stm32f4xx_ll_tim.o
 .text.LL_TIM_Init
                0x00000000080049a0      0x134 ./Drivers/STM32F4xx_HAL_Driver/Src/stm32f4xx_ll_tim.o
                0x00000000080049a0                LL_TIM_Init
 .text.LL_TIM_OC_Init
                0x0000000008004ad4       0x82 ./Drivers/STM32F4xx_HAL_Driver/Src/stm32f4xx_ll_tim.o
                0x0000000008004ad4                LL_TIM_OC_Init
 *fill*         0x0000000008004b56        0x2 
 .text.OC1Config
                0x0000000008004b58       0xd8 ./Drivers/STM32F4xx_HAL_Driver/Src/stm32f4xx_ll_tim.o
 .text.OC2Config
                0x0000000008004c30       0xe0 ./Drivers/STM32F4xx_HAL_Driver/Src/stm32f4xx_ll_tim.o
 .text.OC3Config
                0x0000000008004d10       0xe0 ./Drivers/STM32F4xx_HAL_Driver/Src/stm32f4xx_ll_tim.o
 .text.OC4Config
                0x0000000008004df0       0xb0 ./Drivers/STM32F4xx_HAL_Driver/Src/stm32f4xx_ll_tim.o
 .text.LL_USART_IsEnabled
                0x0000000008004ea0       0x28 ./Drivers/STM32F4xx_HAL_Driver/Src/stm32f4xx_ll_usart.o
 .text.LL_USART_SetStopBitsLength
                0x0000000008004ec8       0x26 ./Drivers/STM32F4xx_HAL_Driver/Src/stm32f4xx_ll_usart.o
 .text.LL_USART_SetHWFlowCtrl
                0x0000000008004eee       0x26 ./Drivers/STM32F4xx_HAL_Driver/Src/stm32f4xx_ll_usart.o
 .text.LL_USART_SetBaudRate
                0x0000000008004f14      0x45c ./Drivers/STM32F4xx_HAL_Driver/Src/stm32f4xx_ll_usart.o
 .text.LL_USART_Init
                0x0000000008005370      0x100 ./Drivers/STM32F4xx_HAL_Driver/Src/stm32f4xx_ll_usart.o
                0x0000000008005370                LL_USART_Init
 .text.LL_SetSystemCoreClock
                0x0000000008005470       0x20 ./Drivers/STM32F4xx_HAL_Driver/Src/stm32f4xx_ll_utils.o
                0x0000000008005470                LL_SetSystemCoreClock
 .text.sprintf  0x0000000008005490       0x40 /opt/stm32cubeide/plugins/com.st.stm32cube.ide.mcu.externaltools.gnu-tools-for-stm32.11.3.rel1.linux64_1.1.100.202309141235/tools/bin/../lib/gcc/arm-none-eabi/11.3.1/../../../../arm-none-eabi/lib/thumb/v7e-m+fp/hard/libc_nano.a(libc_a-sprintf.o)
                0x0000000008005490                sprintf
                0x0000000008005490                siprintf
 .text.memset   0x00000000080054d0       0x10 /opt/stm32cubeide/plugins/com.st.stm32cube.ide.mcu.externaltools.gnu-tools-for-stm32.11.3.rel1.linux64_1.1.100.202309141235/tools/bin/../lib/gcc/arm-none-eabi/11.3.1/../../../../arm-none-eabi/lib/thumb/v7e-m+fp/hard/libc_nano.a(libc_a-memset.o)
                0x00000000080054d0                memset
 .text.__errno  0x00000000080054e0        0xc /opt/stm32cubeide/plugins/com.st.stm32cube.ide.mcu.externaltools.gnu-tools-for-stm32.11.3.rel1.linux64_1.1.100.202309141235/tools/bin/../lib/gcc/arm-none-eabi/11.3.1/../../../../arm-none-eabi/lib/thumb/v7e-m+fp/hard/libc_nano.a(libc_a-errno.o)
                0x00000000080054e0                __errno
 .text.__libc_init_array
                0x00000000080054ec       0x48 /opt/stm32cubeide/plugins/com.st.stm32cube.ide.mcu.externaltools.gnu-tools-for-stm32.11.3.rel1.linux64_1.1.100.202309141235/tools/bin/../lib/gcc/arm-none-eabi/11.3.1/../../../../arm-none-eabi/lib/thumb/v7e-m+fp/hard/libc_nano.a(libc_a-init.o)
                0x00000000080054ec                __libc_init_array
 .text.__retarget_lock_acquire_recursive
                0x0000000008005534        0x2 /opt/stm32cubeide/plugins/com.st.stm32cube.ide.mcu.externaltools.gnu-tools-for-stm32.11.3.rel1.linux64_1.1.100.202309141235/tools/bin/../lib/gcc/arm-none-eabi/11.3.1/../../../../arm-none-eabi/lib/thumb/v7e-m+fp/hard/libc_nano.a(libc_a-lock.o)
                0x0000000008005534                __retarget_lock_acquire_recursive
 .text.__retarget_lock_release_recursive
                0x0000000008005536        0x2 /opt/stm32cubeide/plugins/com.st.stm32cube.ide.mcu.externaltools.gnu-tools-for-stm32.11.3.rel1.linux64_1.1.100.202309141235/tools/bin/../lib/gcc/arm-none-eabi/11.3.1/../../../../arm-none-eabi/lib/thumb/v7e-m+fp/hard/libc_nano.a(libc_a-lock.o)
                0x0000000008005536                __retarget_lock_release_recursive
 .text.memcpy   0x0000000008005538       0x1c /opt/stm32cubeide/plugins/com.st.stm32cube.ide.mcu.externaltools.gnu-tools-for-stm32.11.3.rel1.linux64_1.1.100.202309141235/tools/bin/../lib/gcc/arm-none-eabi/11.3.1/../../../../arm-none-eabi/lib/thumb/v7e-m+fp/hard/libc_nano.a(libc_a-memcpy-stub.o)
                0x0000000008005538                memcpy
 .text._free_r  0x0000000008005554       0x98 /opt/stm32cubeide/plugins/com.st.stm32cube.ide.mcu.externaltools.gnu-tools-for-stm32.11.3.rel1.linux64_1.1.100.202309141235/tools/bin/../lib/gcc/arm-none-eabi/11.3.1/../../../../arm-none-eabi/lib/thumb/v7e-m+fp/hard/libc_nano.a(libc_a-freer.o)
                0x0000000008005554                _free_r
 .text.sbrk_aligned
                0x00000000080055ec       0x40 /opt/stm32cubeide/plugins/com.st.stm32cube.ide.mcu.externaltools.gnu-tools-for-stm32.11.3.rel1.linux64_1.1.100.202309141235/tools/bin/../lib/gcc/arm-none-eabi/11.3.1/../../../../arm-none-eabi/lib/thumb/v7e-m+fp/hard/libc_nano.a(libc_a-mallocr.o)
 .text._malloc_r
                0x000000000800562c      0x100 /opt/stm32cubeide/plugins/com.st.stm32cube.ide.mcu.externaltools.gnu-tools-for-stm32.11.3.rel1.linux64_1.1.100.202309141235/tools/bin/../lib/gcc/arm-none-eabi/11.3.1/../../../../arm-none-eabi/lib/thumb/v7e-m+fp/hard/libc_nano.a(libc_a-mallocr.o)
                0x000000000800562c                _malloc_r
 .text.__malloc_lock
                0x000000000800572c        0xc /opt/stm32cubeide/plugins/com.st.stm32cube.ide.mcu.externaltools.gnu-tools-for-stm32.11.3.rel1.linux64_1.1.100.202309141235/tools/bin/../lib/gcc/arm-none-eabi/11.3.1/../../../../arm-none-eabi/lib/thumb/v7e-m+fp/hard/libc_nano.a(libc_a-mlock.o)
                0x000000000800572c                __malloc_lock
 .text.__malloc_unlock
                0x0000000008005738        0xc /opt/stm32cubeide/plugins/com.st.stm32cube.ide.mcu.externaltools.gnu-tools-for-stm32.11.3.rel1.linux64_1.1.100.202309141235/tools/bin/../lib/gcc/arm-none-eabi/11.3.1/../../../../arm-none-eabi/lib/thumb/v7e-m+fp/hard/libc_nano.a(libc_a-mlock.o)
                0x0000000008005738                __malloc_unlock
 .text.__ssputs_r
                0x0000000008005744       0xb4 /opt/stm32cubeide/plugins/com.st.stm32cube.ide.mcu.externaltools.gnu-tools-for-stm32.11.3.rel1.linux64_1.1.100.202309141235/tools/bin/../lib/gcc/arm-none-eabi/11.3.1/../../../../arm-none-eabi/lib/thumb/v7e-m+fp/hard/libc_nano.a(libc_a-nano-svfprintf.o)
                0x0000000008005744                __ssputs_r
 .text._svfprintf_r
                0x00000000080057f8      0x1fc /opt/stm32cubeide/plugins/com.st.stm32cube.ide.mcu.externaltools.gnu-tools-for-stm32.11.3.rel1.linux64_1.1.100.202309141235/tools/bin/../lib/gcc/arm-none-eabi/11.3.1/../../../../arm-none-eabi/lib/thumb/v7e-m+fp/hard/libc_nano.a(libc_a-nano-svfprintf.o)
                0x00000000080057f8                _svfprintf_r
                0x00000000080057f8                _svfiprintf_r
 .text._printf_common
                0x00000000080059f4       0xda /opt/stm32cubeide/plugins/com.st.stm32cube.ide.mcu.externaltools.gnu-tools-for-stm32.11.3.rel1.linux64_1.1.100.202309141235/tools/bin/../lib/gcc/arm-none-eabi/11.3.1/../../../../arm-none-eabi/lib/thumb/v7e-m+fp/hard/libc_nano.a(libc_a-nano-vfprintf_i.o)
                0x00000000080059f4                _printf_common
 *fill*         0x0000000008005ace        0x2 
 .text._printf_i
                0x0000000008005ad0      0x244 /opt/stm32cubeide/plugins/com.st.stm32cube.ide.mcu.externaltools.gnu-tools-for-stm32.11.3.rel1.linux64_1.1.100.202309141235/tools/bin/../lib/gcc/arm-none-eabi/11.3.1/../../../../arm-none-eabi/lib/thumb/v7e-m+fp/hard/libc_nano.a(libc_a-nano-vfprintf_i.o)
                0x0000000008005ad0                _printf_i
 .text.memmove  0x0000000008005d14       0x34 /opt/stm32cubeide/plugins/com.st.stm32cube.ide.mcu.externaltools.gnu-tools-for-stm32.11.3.rel1.linux64_1.1.100.202309141235/tools/bin/../lib/gcc/arm-none-eabi/11.3.1/../../../../arm-none-eabi/lib/thumb/v7e-m+fp/hard/libc_nano.a(libc_a-memmove.o)
                0x0000000008005d14                memmove
 .text._sbrk_r  0x0000000008005d48       0x20 /opt/stm32cubeide/plugins/com.st.stm32cube.ide.mcu.externaltools.gnu-tools-for-stm32.11.3.rel1.linux64_1.1.100.202309141235/tools/bin/../lib/gcc/arm-none-eabi/11.3.1/../../../../arm-none-eabi/lib/thumb/v7e-m+fp/hard/libc_nano.a(libc_a-sbrkr.o)
                0x0000000008005d48                _sbrk_r
 .text._realloc_r
                0x0000000008005d68       0x5e /opt/stm32cubeide/plugins/com.st.stm32cube.ide.mcu.externaltools.gnu-tools-for-stm32.11.3.rel1.linux64_1.1.100.202309141235/tools/bin/../lib/gcc/arm-none-eabi/11.3.1/../../../../arm-none-eabi/lib/thumb/v7e-m+fp/hard/libc_nano.a(libc_a-reallocr.o)
                0x0000000008005d68                _realloc_r
 .text._malloc_usable_size_r
                0x0000000008005dc6       0x10 /opt/stm32cubeide/plugins/com.st.stm32cube.ide.mcu.externaltools.gnu-tools-for-stm32.11.3.rel1.linux64_1.1.100.202309141235/tools/bin/../lib/gcc/arm-none-eabi/11.3.1/../../../../arm-none-eabi/lib/thumb/v7e-m+fp/hard/libc_nano.a(libc_a-msizer.o)
                0x0000000008005dc6                _malloc_usable_size_r
 *(.glue_7)
 .glue_7        0x0000000008005dd6        0x0 linker stubs
 *(.glue_7t)
 .glue_7t       0x0000000008005dd6        0x0 linker stubs
 *(.eh_frame)
 *fill*         0x0000000008005dd6        0x2 
 .eh_frame      0x0000000008005dd8        0x0 /opt/stm32cubeide/plugins/com.st.stm32cube.ide.mcu.externaltools.gnu-tools-for-stm32.11.3.rel1.linux64_1.1.100.202309141235/tools/bin/../lib/gcc/arm-none-eabi/11.3.1/thumb/v7e-m+fp/hard/crtbegin.o
 *(.init)
 .init          0x0000000008005dd8        0x4 /opt/stm32cubeide/plugins/com.st.stm32cube.ide.mcu.externaltools.gnu-tools-for-stm32.11.3.rel1.linux64_1.1.100.202309141235/tools/bin/../lib/gcc/arm-none-eabi/11.3.1/thumb/v7e-m+fp/hard/crti.o
                0x0000000008005dd8                _init
 .init          0x0000000008005ddc        0x8 /opt/stm32cubeide/plugins/com.st.stm32cube.ide.mcu.externaltools.gnu-tools-for-stm32.11.3.rel1.linux64_1.1.100.202309141235/tools/bin/../lib/gcc/arm-none-eabi/11.3.1/thumb/v7e-m+fp/hard/crtn.o
 *(.fini)
 .fini          0x0000000008005de4        0x4 /opt/stm32cubeide/plugins/com.st.stm32cube.ide.mcu.externaltools.gnu-tools-for-stm32.11.3.rel1.linux64_1.1.100.202309141235/tools/bin/../lib/gcc/arm-none-eabi/11.3.1/thumb/v7e-m+fp/hard/crti.o
                0x0000000008005de4                _fini
 .fini          0x0000000008005de8        0x8 /opt/stm32cubeide/plugins/com.st.stm32cube.ide.mcu.externaltools.gnu-tools-for-stm32.11.3.rel1.linux64_1.1.100.202309141235/tools/bin/../lib/gcc/arm-none-eabi/11.3.1/thumb/v7e-m+fp/hard/crtn.o
                0x0000000008005df0                . = ALIGN (0x4)
                0x0000000008005df0                _etext = .

.vfp11_veneer   0x0000000008005df0        0x0
 .vfp11_veneer  0x0000000008005df0        0x0 linker stubs

.v4_bx          0x0000000008005df0        0x0
 .v4_bx         0x0000000008005df0        0x0 linker stubs

.iplt           0x0000000008005df0        0x0
 .iplt          0x0000000008005df0        0x0 /opt/stm32cubeide/plugins/com.st.stm32cube.ide.mcu.externaltools.gnu-tools-for-stm32.11.3.rel1.linux64_1.1.100.202309141235/tools/bin/../lib/gcc/arm-none-eabi/11.3.1/thumb/v7e-m+fp/hard/crtbegin.o

.rodata         0x0000000008005df0      0x14c
                0x0000000008005df0                . = ALIGN (0x4)
 *(.rodata)
 .rodata        0x0000000008005df0       0x50 ./Core/Src/LoRa.o
 .rodata        0x0000000008005e40       0x70 ./Core/Src/main.o
 .rodata        0x0000000008005eb0       0x1d ./Core/Src/stm32f4xx_it.o
 *(.rodata*)
 *fill*         0x0000000008005ecd        0x3 
 .rodata.STREAM_OFFSET_TAB
                0x0000000008005ed0        0x8 ./Core/Src/main.o
 .rodata.OFFSET_TAB_CCMRx
                0x0000000008005ed8        0x7 ./Core/Src/main.o
 *fill*         0x0000000008005edf        0x1 
 .rodata.SHIFT_TAB_OCxx
                0x0000000008005ee0        0x7 ./Core/Src/main.o
 *fill*         0x0000000008005ee7        0x1 
 .rodata.STREAM_OFFSET_TAB
                0x0000000008005ee8        0x8 ./Core/Src/stm32f4xx_it.o
 .rodata.AHBPrescTable
                0x0000000008005ef0       0x10 ./Core/Src/system_stm32f4xx.o
                0x0000000008005ef0                AHBPrescTable
 .rodata.APBPrescTable
                0x0000000008005f00        0x8 ./Core/Src/system_stm32f4xx.o
                0x0000000008005f00                APBPrescTable
 .rodata._svfprintf_r.str1.1
                0x0000000008005f08       0x11 /opt/stm32cubeide/plugins/com.st.stm32cube.ide.mcu.externaltools.gnu-tools-for-stm32.11.3.rel1.linux64_1.1.100.202309141235/tools/bin/../lib/gcc/arm-none-eabi/11.3.1/../../../../arm-none-eabi/lib/thumb/v7e-m+fp/hard/libc_nano.a(libc_a-nano-svfprintf.o)
 .rodata._printf_i.str1.1
                0x0000000008005f19       0x22 /opt/stm32cubeide/plugins/com.st.stm32cube.ide.mcu.externaltools.gnu-tools-for-stm32.11.3.rel1.linux64_1.1.100.202309141235/tools/bin/../lib/gcc/arm-none-eabi/11.3.1/../../../../arm-none-eabi/lib/thumb/v7e-m+fp/hard/libc_nano.a(libc_a-nano-vfprintf_i.o)
                0x0000000008005f3c                . = ALIGN (0x4)
 *fill*         0x0000000008005f3b        0x1 

.ARM.extab      0x0000000008005f3c        0x0
                0x0000000008005f3c                . = ALIGN (0x4)
 *(.ARM.extab* .gnu.linkonce.armextab.*)
                0x0000000008005f3c                . = ALIGN (0x4)

.ARM            0x0000000008005f3c        0x8
                0x0000000008005f3c                . = ALIGN (0x4)
                0x0000000008005f3c                __exidx_start = .
 *(.ARM.exidx*)
 .ARM.exidx     0x0000000008005f3c        0x8 /opt/stm32cubeide/plugins/com.st.stm32cube.ide.mcu.externaltools.gnu-tools-for-stm32.11.3.rel1.linux64_1.1.100.202309141235/tools/bin/../lib/gcc/arm-none-eabi/11.3.1/thumb/v7e-m+fp/hard/libgcc.a(_udivmoddi4.o)
                0x0000000008005f44                __exidx_end = .
                0x0000000008005f44                . = ALIGN (0x4)

.rel.dyn        0x0000000008005f44        0x0
 .rel.iplt      0x0000000008005f44        0x0 /opt/stm32cubeide/plugins/com.st.stm32cube.ide.mcu.externaltools.gnu-tools-for-stm32.11.3.rel1.linux64_1.1.100.202309141235/tools/bin/../lib/gcc/arm-none-eabi/11.3.1/thumb/v7e-m+fp/hard/crtbegin.o

.preinit_array  0x0000000008005f44        0x0
                0x0000000008005f44                . = ALIGN (0x4)
                0x0000000008005f44                PROVIDE (__preinit_array_start = .)
 *(.preinit_array*)
                0x0000000008005f44                PROVIDE (__preinit_array_end = .)
                0x0000000008005f44                . = ALIGN (0x4)

.init_array     0x0000000008005f44        0x4
                0x0000000008005f44                . = ALIGN (0x4)
                0x0000000008005f44                PROVIDE (__init_array_start = .)
 *(SORT_BY_NAME(.init_array.*))
 *(.init_array*)
 .init_array    0x0000000008005f44        0x4 /opt/stm32cubeide/plugins/com.st.stm32cube.ide.mcu.externaltools.gnu-tools-for-stm32.11.3.rel1.linux64_1.1.100.202309141235/tools/bin/../lib/gcc/arm-none-eabi/11.3.1/thumb/v7e-m+fp/hard/crtbegin.o
                0x0000000008005f48                PROVIDE (__init_array_end = .)
                0x0000000008005f48                . = ALIGN (0x4)

.fini_array     0x0000000008005f48        0x4
                0x0000000008005f48                . = ALIGN (0x4)
                [!provide]                        PROVIDE (__fini_array_start = .)
 *(SORT_BY_NAME(.fini_array.*))
 *(.fini_array*)
 .fini_array    0x0000000008005f48        0x4 /opt/stm32cubeide/plugins/com.st.stm32cube.ide.mcu.externaltools.gnu-tools-for-stm32.11.3.rel1.linux64_1.1.100.202309141235/tools/bin/../lib/gcc/arm-none-eabi/11.3.1/thumb/v7e-m+fp/hard/crtbegin.o
                [!provide]                        PROVIDE (__fini_array_end = .)
                0x0000000008005f4c                . = ALIGN (0x4)
                0x0000000008005f4c                _sidata = LOADADDR (.data)

.data           0x0000000020000000       0x5c load address 0x0000000008005f4c
                0x0000000020000000                . = ALIGN (0x4)
                0x0000000020000000                _sdata = .
 *(.data)
 *(.data*)
 .data.SystemCoreClock
                0x0000000020000000        0x4 ./Core/Src/system_stm32f4xx.o
                0x0000000020000000                SystemCoreClock
 .data.uwTickPrio
                0x0000000020000004        0x4 ./Drivers/STM32F4xx_HAL_Driver/Src/stm32f4xx_hal.o
                0x0000000020000004                uwTickPrio
 .data.uwTickFreq
                0x0000000020000008        0x1 ./Drivers/STM32F4xx_HAL_Driver/Src/stm32f4xx_hal.o
                0x0000000020000008                uwTickFreq
 *fill*         0x0000000020000009        0x3 
 .data._impure_data
                0x000000002000000c       0x4c /opt/stm32cubeide/plugins/com.st.stm32cube.ide.mcu.externaltools.gnu-tools-for-stm32.11.3.rel1.linux64_1.1.100.202309141235/tools/bin/../lib/gcc/arm-none-eabi/11.3.1/../../../../arm-none-eabi/lib/thumb/v7e-m+fp/hard/libc_nano.a(libc_a-impure.o)
                0x000000002000000c                _impure_data
 .data._impure_ptr
                0x0000000020000058        0x4 /opt/stm32cubeide/plugins/com.st.stm32cube.ide.mcu.externaltools.gnu-tools-for-stm32.11.3.rel1.linux64_1.1.100.202309141235/tools/bin/../lib/gcc/arm-none-eabi/11.3.1/../../../../arm-none-eabi/lib/thumb/v7e-m+fp/hard/libc_nano.a(libc_a-impure.o)
                0x0000000020000058                _impure_ptr
 *(.RamFunc)
 *(.RamFunc*)
                0x000000002000005c                . = ALIGN (0x4)
                0x000000002000005c                _edata = .

.igot.plt       0x000000002000005c        0x0 load address 0x0000000008005fa8
 .igot.plt      0x000000002000005c        0x0 /opt/stm32cubeide/plugins/com.st.stm32cube.ide.mcu.externaltools.gnu-tools-for-stm32.11.3.rel1.linux64_1.1.100.202309141235/tools/bin/../lib/gcc/arm-none-eabi/11.3.1/thumb/v7e-m+fp/hard/crtbegin.o
                0x000000002000005c                . = ALIGN (0x4)

.bss            0x000000002000005c      0x2c8 load address 0x0000000008005fa8
                0x000000002000005c                _sbss = .
                0x000000002000005c                __bss_start__ = _sbss
 *(.bss)
 .bss           0x000000002000005c       0x1c /opt/stm32cubeide/plugins/com.st.stm32cube.ide.mcu.externaltools.gnu-tools-for-stm32.11.3.rel1.linux64_1.1.100.202309141235/tools/bin/../lib/gcc/arm-none-eabi/11.3.1/thumb/v7e-m+fp/hard/crtbegin.o
 *(.bss*)
 .bss.hspi2     0x0000000020000078       0x58 ./Core/Src/main.o
                0x0000000020000078                hspi2
 .bss.buffer    0x00000000200000d0      0x100 ./Core/Src/stm32f4xx_it.o
                0x00000000200000d0                buffer
 .bss.size      0x00000000200001d0        0x1 ./Core/Src/stm32f4xx_it.o
                0x00000000200001d0                size
 *fill*         0x00000000200001d1        0x3 
 .bss.__sbrk_heap_end
                0x00000000200001d4        0x4 ./Core/Src/sysmem.o
 .bss.uwTick    0x00000000200001d8        0x4 ./Drivers/STM32F4xx_HAL_Driver/Src/stm32f4xx_hal.o
                0x00000000200001d8                uwTick
 .bss.__sf      0x00000000200001dc      0x138 /opt/stm32cubeide/plugins/com.st.stm32cube.ide.mcu.externaltools.gnu-tools-for-stm32.11.3.rel1.linux64_1.1.100.202309141235/tools/bin/../lib/gcc/arm-none-eabi/11.3.1/../../../../arm-none-eabi/lib/thumb/v7e-m+fp/hard/libc_nano.a(libc_a-findfp.o)
                0x00000000200001dc                __sf
 .bss.errno     0x0000000020000314        0x4 /opt/stm32cubeide/plugins/com.st.stm32cube.ide.mcu.externaltools.gnu-tools-for-stm32.11.3.rel1.linux64_1.1.100.202309141235/tools/bin/../lib/gcc/arm-none-eabi/11.3.1/../../../../arm-none-eabi/lib/thumb/v7e-m+fp/hard/libc_nano.a(libc_a-reent.o)
                0x0000000020000314                errno
 .bss.__lock___malloc_recursive_mutex
                0x0000000020000318        0x1 /opt/stm32cubeide/plugins/com.st.stm32cube.ide.mcu.externaltools.gnu-tools-for-stm32.11.3.rel1.linux64_1.1.100.202309141235/tools/bin/../lib/gcc/arm-none-eabi/11.3.1/../../../../arm-none-eabi/lib/thumb/v7e-m+fp/hard/libc_nano.a(libc_a-lock.o)
                0x0000000020000318                __lock___malloc_recursive_mutex
 *fill*         0x0000000020000319        0x3 
 .bss.__malloc_free_list
                0x000000002000031c        0x4 /opt/stm32cubeide/plugins/com.st.stm32cube.ide.mcu.externaltools.gnu-tools-for-stm32.11.3.rel1.linux64_1.1.100.202309141235/tools/bin/../lib/gcc/arm-none-eabi/11.3.1/../../../../arm-none-eabi/lib/thumb/v7e-m+fp/hard/libc_nano.a(libc_a-mallocr.o)
                0x000000002000031c                __malloc_free_list
 .bss.__malloc_sbrk_start
                0x0000000020000320        0x4 /opt/stm32cubeide/plugins/com.st.stm32cube.ide.mcu.externaltools.gnu-tools-for-stm32.11.3.rel1.linux64_1.1.100.202309141235/tools/bin/../lib/gcc/arm-none-eabi/11.3.1/../../../../arm-none-eabi/lib/thumb/v7e-m+fp/hard/libc_nano.a(libc_a-mallocr.o)
                0x0000000020000320                __malloc_sbrk_start
 *(COMMON)
                0x0000000020000324                . = ALIGN (0x4)
                0x0000000020000324                _ebss = .
                0x0000000020000324                __bss_end__ = _ebss

._user_heap_stack
                0x0000000020000324      0x604 load address 0x0000000008005fa8
                0x0000000020000328                . = ALIGN (0x8)
 *fill*         0x0000000020000324        0x4 
                [!provide]                        PROVIDE (end = .)
                0x0000000020000328                PROVIDE (_end = .)
                0x0000000020000528                . = (. + _Min_Heap_Size)
 *fill*         0x0000000020000328      0x200 
                0x0000000020000928                . = (. + _Min_Stack_Size)
 *fill*         0x0000000020000528      0x400 
                0x0000000020000928                . = ALIGN (0x8)

/DISCARD/
 libc.a(*)
 libm.a(*)
 libgcc.a(*)

.ARM.attributes
                0x0000000000000000       0x30
 *(.ARM.attributes)
 .ARM.attributes
                0x0000000000000000       0x1e /opt/stm32cubeide/plugins/com.st.stm32cube.ide.mcu.externaltools.gnu-tools-for-stm32.11.3.rel1.linux64_1.1.100.202309141235/tools/bin/../lib/gcc/arm-none-eabi/11.3.1/thumb/v7e-m+fp/hard/crti.o
 .ARM.attributes
                0x000000000000001e       0x34 /opt/stm32cubeide/plugins/com.st.stm32cube.ide.mcu.externaltools.gnu-tools-for-stm32.11.3.rel1.linux64_1.1.100.202309141235/tools/bin/../lib/gcc/arm-none-eabi/11.3.1/thumb/v7e-m+fp/hard/crtbegin.o
 .ARM.attributes
                0x0000000000000052       0x34 ./Core/Src/LoRa.o
 .ARM.attributes
                0x0000000000000086       0x34 ./Core/Src/main.o
 .ARM.attributes
                0x00000000000000ba       0x34 ./Core/Src/stm32f4xx_hal_msp.o
 .ARM.attributes
                0x00000000000000ee       0x34 ./Core/Src/stm32f4xx_it.o
 .ARM.attributes
                0x0000000000000122       0x34 ./Core/Src/sysmem.o
 .ARM.attributes
                0x0000000000000156       0x34 ./Core/Src/system_stm32f4xx.o
 .ARM.attributes
                0x000000000000018a       0x21 ./Core/Startup/startup_stm32f446retx.o
 .ARM.attributes
                0x00000000000001ab       0x34 ./Drivers/STM32F4xx_HAL_Driver/Src/stm32f4xx_hal.o
 .ARM.attributes
                0x00000000000001df       0x34 ./Drivers/STM32F4xx_HAL_Driver/Src/stm32f4xx_hal_cortex.o
 .ARM.attributes
                0x0000000000000213       0x34 ./Drivers/STM32F4xx_HAL_Driver/Src/stm32f4xx_hal_gpio.o
 .ARM.attributes
                0x0000000000000247       0x34 ./Drivers/STM32F4xx_HAL_Driver/Src/stm32f4xx_hal_spi.o
 .ARM.attributes
                0x000000000000027b       0x34 ./Drivers/STM32F4xx_HAL_Driver/Src/stm32f4xx_ll_exti.o
 .ARM.attributes
                0x00000000000002af       0x34 ./Drivers/STM32F4xx_HAL_Driver/Src/stm32f4xx_ll_gpio.o
 .ARM.attributes
                0x00000000000002e3       0x34 ./Drivers/STM32F4xx_HAL_Driver/Src/stm32f4xx_ll_rcc.o
 .ARM.attributes
                0x0000000000000317       0x34 ./Drivers/STM32F4xx_HAL_Driver/Src/stm32f4xx_ll_tim.o
 .ARM.attributes
                0x000000000000034b       0x34 ./Drivers/STM32F4xx_HAL_Driver/Src/stm32f4xx_ll_usart.o
 .ARM.attributes
                0x000000000000037f       0x34 ./Drivers/STM32F4xx_HAL_Driver/Src/stm32f4xx_ll_utils.o
 .ARM.attributes
                0x00000000000003b3       0x34 /opt/stm32cubeide/plugins/com.st.stm32cube.ide.mcu.externaltools.gnu-tools-for-stm32.11.3.rel1.linux64_1.1.100.202309141235/tools/bin/../lib/gcc/arm-none-eabi/11.3.1/../../../../arm-none-eabi/lib/thumb/v7e-m+fp/hard/libc_nano.a(libc_a-findfp.o)
 .ARM.attributes
                0x00000000000003e7       0x34 /opt/stm32cubeide/plugins/com.st.stm32cube.ide.mcu.externaltools.gnu-tools-for-stm32.11.3.rel1.linux64_1.1.100.202309141235/tools/bin/../lib/gcc/arm-none-eabi/11.3.1/../../../../arm-none-eabi/lib/thumb/v7e-m+fp/hard/libc_nano.a(libc_a-sprintf.o)
 .ARM.attributes
                0x000000000000041b       0x34 /opt/stm32cubeide/plugins/com.st.stm32cube.ide.mcu.externaltools.gnu-tools-for-stm32.11.3.rel1.linux64_1.1.100.202309141235/tools/bin/../lib/gcc/arm-none-eabi/11.3.1/../../../../arm-none-eabi/lib/thumb/v7e-m+fp/hard/libc_nano.a(libc_a-memset.o)
 .ARM.attributes
                0x000000000000044f       0x34 /opt/stm32cubeide/plugins/com.st.stm32cube.ide.mcu.externaltools.gnu-tools-for-stm32.11.3.rel1.linux64_1.1.100.202309141235/tools/bin/../lib/gcc/arm-none-eabi/11.3.1/../../../../arm-none-eabi/lib/thumb/v7e-m+fp/hard/libc_nano.a(libc_a-reent.o)
 .ARM.attributes
                0x0000000000000483       0x34 /opt/stm32cubeide/plugins/com.st.stm32cube.ide.mcu.externaltools.gnu-tools-for-stm32.11.3.rel1.linux64_1.1.100.202309141235/tools/bin/../lib/gcc/arm-none-eabi/11.3.1/../../../../arm-none-eabi/lib/thumb/v7e-m+fp/hard/libc_nano.a(libc_a-impure.o)
 .ARM.attributes
                0x00000000000004b7       0x34 /opt/stm32cubeide/plugins/com.st.stm32cube.ide.mcu.externaltools.gnu-tools-for-stm32.11.3.rel1.linux64_1.1.100.202309141235/tools/bin/../lib/gcc/arm-none-eabi/11.3.1/../../../../arm-none-eabi/lib/thumb/v7e-m+fp/hard/libc_nano.a(libc_a-errno.o)
 .ARM.attributes
                0x00000000000004eb       0x34 /opt/stm32cubeide/plugins/com.st.stm32cube.ide.mcu.externaltools.gnu-tools-for-stm32.11.3.rel1.linux64_1.1.100.202309141235/tools/bin/../lib/gcc/arm-none-eabi/11.3.1/../../../../arm-none-eabi/lib/thumb/v7e-m+fp/hard/libc_nano.a(libc_a-init.o)
 .ARM.attributes
                0x000000000000051f       0x34 /opt/stm32cubeide/plugins/com.st.stm32cube.ide.mcu.externaltools.gnu-tools-for-stm32.11.3.rel1.linux64_1.1.100.202309141235/tools/bin/../lib/gcc/arm-none-eabi/11.3.1/../../../../arm-none-eabi/lib/thumb/v7e-m+fp/hard/libc_nano.a(libc_a-lock.o)
 .ARM.attributes
                0x0000000000000553       0x34 /opt/stm32cubeide/plugins/com.st.stm32cube.ide.mcu.externaltools.gnu-tools-for-stm32.11.3.rel1.linux64_1.1.100.202309141235/tools/bin/../lib/gcc/arm-none-eabi/11.3.1/../../../../arm-none-eabi/lib/thumb/v7e-m+fp/hard/libc_nano.a(libc_a-memcpy-stub.o)
 .ARM.attributes
                0x0000000000000587       0x34 /opt/stm32cubeide/plugins/com.st.stm32cube.ide.mcu.externaltools.gnu-tools-for-stm32.11.3.rel1.linux64_1.1.100.202309141235/tools/bin/../lib/gcc/arm-none-eabi/11.3.1/../../../../arm-none-eabi/lib/thumb/v7e-m+fp/hard/libc_nano.a(libc_a-freer.o)
 .ARM.attributes
                0x00000000000005bb       0x34 /opt/stm32cubeide/plugins/com.st.stm32cube.ide.mcu.externaltools.gnu-tools-for-stm32.11.3.rel1.linux64_1.1.100.202309141235/tools/bin/../lib/gcc/arm-none-eabi/11.3.1/../../../../arm-none-eabi/lib/thumb/v7e-m+fp/hard/libc_nano.a(libc_a-mallocr.o)
 .ARM.attributes
                0x00000000000005ef       0x34 /opt/stm32cubeide/plugins/com.st.stm32cube.ide.mcu.externaltools.gnu-tools-for-stm32.11.3.rel1.linux64_1.1.100.202309141235/tools/bin/../lib/gcc/arm-none-eabi/11.3.1/../../../../arm-none-eabi/lib/thumb/v7e-m+fp/hard/libc_nano.a(libc_a-mlock.o)
 .ARM.attributes
                0x0000000000000623       0x34 /opt/stm32cubeide/plugins/com.st.stm32cube.ide.mcu.externaltools.gnu-tools-for-stm32.11.3.rel1.linux64_1.1.100.202309141235/tools/bin/../lib/gcc/arm-none-eabi/11.3.1/../../../../arm-none-eabi/lib/thumb/v7e-m+fp/hard/libc_nano.a(libc_a-nano-svfprintf.o)
 .ARM.attributes
                0x0000000000000657       0x34 /opt/stm32cubeide/plugins/com.st.stm32cube.ide.mcu.externaltools.gnu-tools-for-stm32.11.3.rel1.linux64_1.1.100.202309141235/tools/bin/../lib/gcc/arm-none-eabi/11.3.1/../../../../arm-none-eabi/lib/thumb/v7e-m+fp/hard/libc_nano.a(libc_a-nano-vfprintf_i.o)
 .ARM.attributes
                0x000000000000068b       0x34 /opt/stm32cubeide/plugins/com.st.stm32cube.ide.mcu.externaltools.gnu-tools-for-stm32.11.3.rel1.linux64_1.1.100.202309141235/tools/bin/../lib/gcc/arm-none-eabi/11.3.1/../../../../arm-none-eabi/lib/thumb/v7e-m+fp/hard/libc_nano.a(libc_a-memmove.o)
 .ARM.attributes
                0x00000000000006bf       0x34 /opt/stm32cubeide/plugins/com.st.stm32cube.ide.mcu.externaltools.gnu-tools-for-stm32.11.3.rel1.linux64_1.1.100.202309141235/tools/bin/../lib/gcc/arm-none-eabi/11.3.1/../../../../arm-none-eabi/lib/thumb/v7e-m+fp/hard/libc_nano.a(libc_a-sbrkr.o)
 .ARM.attributes
                0x00000000000006f3       0x1c /opt/stm32cubeide/plugins/com.st.stm32cube.ide.mcu.externaltools.gnu-tools-for-stm32.11.3.rel1.linux64_1.1.100.202309141235/tools/bin/../lib/gcc/arm-none-eabi/11.3.1/../../../../arm-none-eabi/lib/thumb/v7e-m+fp/hard/libc_nano.a(libc_a-memchr.o)
 .ARM.attributes
                0x000000000000070f       0x34 /opt/stm32cubeide/plugins/com.st.stm32cube.ide.mcu.externaltools.gnu-tools-for-stm32.11.3.rel1.linux64_1.1.100.202309141235/tools/bin/../lib/gcc/arm-none-eabi/11.3.1/../../../../arm-none-eabi/lib/thumb/v7e-m+fp/hard/libc_nano.a(libc_a-reallocr.o)
 .ARM.attributes
                0x0000000000000743       0x34 /opt/stm32cubeide/plugins/com.st.stm32cube.ide.mcu.externaltools.gnu-tools-for-stm32.11.3.rel1.linux64_1.1.100.202309141235/tools/bin/../lib/gcc/arm-none-eabi/11.3.1/../../../../arm-none-eabi/lib/thumb/v7e-m+fp/hard/libc_nano.a(libc_a-msizer.o)
 .ARM.attributes
                0x0000000000000777       0x1e /opt/stm32cubeide/plugins/com.st.stm32cube.ide.mcu.externaltools.gnu-tools-for-stm32.11.3.rel1.linux64_1.1.100.202309141235/tools/bin/../lib/gcc/arm-none-eabi/11.3.1/thumb/v7e-m+fp/hard/libgcc.a(_arm_addsubdf3.o)
 .ARM.attributes
                0x0000000000000795       0x1e /opt/stm32cubeide/plugins/com.st.stm32cube.ide.mcu.externaltools.gnu-tools-for-stm32.11.3.rel1.linux64_1.1.100.202309141235/tools/bin/../lib/gcc/arm-none-eabi/11.3.1/thumb/v7e-m+fp/hard/libgcc.a(_arm_muldivdf3.o)
 .ARM.attributes
                0x00000000000007b3       0x1e /opt/stm32cubeide/plugins/com.st.stm32cube.ide.mcu.externaltools.gnu-tools-for-stm32.11.3.rel1.linux64_1.1.100.202309141235/tools/bin/../lib/gcc/arm-none-eabi/11.3.1/thumb/v7e-m+fp/hard/libgcc.a(_arm_fixdfsi.o)
 .ARM.attributes
                0x00000000000007d1       0x1e /opt/stm32cubeide/plugins/com.st.stm32cube.ide.mcu.externaltools.gnu-tools-for-stm32.11.3.rel1.linux64_1.1.100.202309141235/tools/bin/../lib/gcc/arm-none-eabi/11.3.1/thumb/v7e-m+fp/hard/libgcc.a(_aeabi_uldivmod.o)
 .ARM.attributes
                0x00000000000007ef       0x34 /opt/stm32cubeide/plugins/com.st.stm32cube.ide.mcu.externaltools.gnu-tools-for-stm32.11.3.rel1.linux64_1.1.100.202309141235/tools/bin/../lib/gcc/arm-none-eabi/11.3.1/thumb/v7e-m+fp/hard/libgcc.a(_udivmoddi4.o)
 .ARM.attributes
                0x0000000000000823       0x1e /opt/stm32cubeide/plugins/com.st.stm32cube.ide.mcu.externaltools.gnu-tools-for-stm32.11.3.rel1.linux64_1.1.100.202309141235/tools/bin/../lib/gcc/arm-none-eabi/11.3.1/thumb/v7e-m+fp/hard/libgcc.a(_dvmd_tls.o)
 .ARM.attributes
                0x0000000000000841       0x1e /opt/stm32cubeide/plugins/com.st.stm32cube.ide.mcu.externaltools.gnu-tools-for-stm32.11.3.rel1.linux64_1.1.100.202309141235/tools/bin/../lib/gcc/arm-none-eabi/11.3.1/thumb/v7e-m+fp/hard/crtn.o
OUTPUT(F446dev.elf elf32-littlearm)
LOAD linker stubs
LOAD /opt/stm32cubeide/plugins/com.st.stm32cube.ide.mcu.externaltools.gnu-tools-for-stm32.11.3.rel1.linux64_1.1.100.202309141235/tools/bin/../lib/gcc/arm-none-eabi/11.3.1/../../../../arm-none-eabi/lib/thumb/v7e-m+fp/hard/libc.a
LOAD /opt/stm32cubeide/plugins/com.st.stm32cube.ide.mcu.externaltools.gnu-tools-for-stm32.11.3.rel1.linux64_1.1.100.202309141235/tools/bin/../lib/gcc/arm-none-eabi/11.3.1/../../../../arm-none-eabi/lib/thumb/v7e-m+fp/hard/libm.a
LOAD /opt/stm32cubeide/plugins/com.st.stm32cube.ide.mcu.externaltools.gnu-tools-for-stm32.11.3.rel1.linux64_1.1.100.202309141235/tools/bin/../lib/gcc/arm-none-eabi/11.3.1/thumb/v7e-m+fp/hard/libgcc.a

.comment        0x0000000000000000       0x43
 .comment       0x0000000000000000       0x43 /opt/stm32cubeide/plugins/com.st.stm32cube.ide.mcu.externaltools.gnu-tools-for-stm32.11.3.rel1.linux64_1.1.100.202309141235/tools/bin/../lib/gcc/arm-none-eabi/11.3.1/thumb/v7e-m+fp/hard/crtbegin.o
                                         0x44 (size before relaxing)
 .comment       0x0000000000000043       0x44 ./Core/Src/LoRa.o
 .comment       0x0000000000000043       0x44 ./Core/Src/main.o
 .comment       0x0000000000000043       0x44 ./Core/Src/stm32f4xx_hal_msp.o
 .comment       0x0000000000000043       0x44 ./Core/Src/stm32f4xx_it.o
 .comment       0x0000000000000043       0x44 ./Core/Src/sysmem.o
 .comment       0x0000000000000043       0x44 ./Core/Src/system_stm32f4xx.o
 .comment       0x0000000000000043       0x44 ./Drivers/STM32F4xx_HAL_Driver/Src/stm32f4xx_hal.o
 .comment       0x0000000000000043       0x44 ./Drivers/STM32F4xx_HAL_Driver/Src/stm32f4xx_hal_cortex.o
 .comment       0x0000000000000043       0x44 ./Drivers/STM32F4xx_HAL_Driver/Src/stm32f4xx_hal_gpio.o
 .comment       0x0000000000000043       0x44 ./Drivers/STM32F4xx_HAL_Driver/Src/stm32f4xx_hal_spi.o
 .comment       0x0000000000000043       0x44 ./Drivers/STM32F4xx_HAL_Driver/Src/stm32f4xx_ll_exti.o
 .comment       0x0000000000000043       0x44 ./Drivers/STM32F4xx_HAL_Driver/Src/stm32f4xx_ll_gpio.o
 .comment       0x0000000000000043       0x44 ./Drivers/STM32F4xx_HAL_Driver/Src/stm32f4xx_ll_rcc.o
 .comment       0x0000000000000043       0x44 ./Drivers/STM32F4xx_HAL_Driver/Src/stm32f4xx_ll_tim.o
 .comment       0x0000000000000043       0x44 ./Drivers/STM32F4xx_HAL_Driver/Src/stm32f4xx_ll_usart.o
 .comment       0x0000000000000043       0x44 ./Drivers/STM32F4xx_HAL_Driver/Src/stm32f4xx_ll_utils.o

.debug_info     0x0000000000000000     0xb7ec
 .debug_info    0x0000000000000000      0xf05 ./Core/Src/LoRa.o
 .debug_info    0x0000000000000f05     0x266c ./Core/Src/main.o
 .debug_info    0x0000000000003571      0xa11 ./Core/Src/stm32f4xx_hal_msp.o
 .debug_info    0x0000000000003f82      0x6ec ./Core/Src/stm32f4xx_it.o
 .debug_info    0x000000000000466e      0x168 ./Core/Src/sysmem.o
 .debug_info    0x00000000000047d6      0x54a ./Core/Src/system_stm32f4xx.o
 .debug_info    0x0000000000004d20       0x23 ./Core/Startup/startup_stm32f446retx.o
 .debug_info    0x0000000000004d43      0x99e ./Drivers/STM32F4xx_HAL_Driver/Src/stm32f4xx_hal.o
 .debug_info    0x00000000000056e1      0xd64 ./Drivers/STM32F4xx_HAL_Driver/Src/stm32f4xx_hal_cortex.o
 .debug_info    0x0000000000006445      0x70b ./Drivers/STM32F4xx_HAL_Driver/Src/stm32f4xx_hal_gpio.o
 .debug_info    0x0000000000006b50     0x15fb ./Drivers/STM32F4xx_HAL_Driver/Src/stm32f4xx_hal_spi.o
 .debug_info    0x000000000000814b      0x337 ./Drivers/STM32F4xx_HAL_Driver/Src/stm32f4xx_ll_exti.o
 .debug_info    0x0000000000008482      0x7ea ./Drivers/STM32F4xx_HAL_Driver/Src/stm32f4xx_ll_gpio.o
 .debug_info    0x0000000000008c6c      0xbf9 ./Drivers/STM32F4xx_HAL_Driver/Src/stm32f4xx_ll_rcc.o
 .debug_info    0x0000000000009865      0xf39 ./Drivers/STM32F4xx_HAL_Driver/Src/stm32f4xx_ll_tim.o
 .debug_info    0x000000000000a79e      0x704 ./Drivers/STM32F4xx_HAL_Driver/Src/stm32f4xx_ll_usart.o
 .debug_info    0x000000000000aea2      0x94a ./Drivers/STM32F4xx_HAL_Driver/Src/stm32f4xx_ll_utils.o

.debug_abbrev   0x0000000000000000     0x215f
 .debug_abbrev  0x0000000000000000      0x275 ./Core/Src/LoRa.o
 .debug_abbrev  0x0000000000000275      0x3f6 ./Core/Src/main.o
 .debug_abbrev  0x000000000000066b      0x1c1 ./Core/Src/stm32f4xx_hal_msp.o
 .debug_abbrev  0x000000000000082c      0x204 ./Core/Src/stm32f4xx_it.o
 .debug_abbrev  0x0000000000000a30       0xbc ./Core/Src/sysmem.o
 .debug_abbrev  0x0000000000000aec      0x11a ./Core/Src/system_stm32f4xx.o
 .debug_abbrev  0x0000000000000c06       0x12 ./Core/Startup/startup_stm32f446retx.o
 .debug_abbrev  0x0000000000000c18      0x213 ./Drivers/STM32F4xx_HAL_Driver/Src/stm32f4xx_hal.o
 .debug_abbrev  0x0000000000000e2b      0x327 ./Drivers/STM32F4xx_HAL_Driver/Src/stm32f4xx_hal_cortex.o
 .debug_abbrev  0x0000000000001152      0x1d4 ./Drivers/STM32F4xx_HAL_Driver/Src/stm32f4xx_hal_gpio.o
 .debug_abbrev  0x0000000000001326      0x284 ./Drivers/STM32F4xx_HAL_Driver/Src/stm32f4xx_hal_spi.o
 .debug_abbrev  0x00000000000015aa      0x18a ./Drivers/STM32F4xx_HAL_Driver/Src/stm32f4xx_ll_exti.o
 .debug_abbrev  0x0000000000001734      0x220 ./Drivers/STM32F4xx_HAL_Driver/Src/stm32f4xx_ll_gpio.o
 .debug_abbrev  0x0000000000001954      0x1ee ./Drivers/STM32F4xx_HAL_Driver/Src/stm32f4xx_ll_rcc.o
 .debug_abbrev  0x0000000000001b42      0x20f ./Drivers/STM32F4xx_HAL_Driver/Src/stm32f4xx_ll_tim.o
 .debug_abbrev  0x0000000000001d51      0x1eb ./Drivers/STM32F4xx_HAL_Driver/Src/stm32f4xx_ll_usart.o
 .debug_abbrev  0x0000000000001f3c      0x223 ./Drivers/STM32F4xx_HAL_Driver/Src/stm32f4xx_ll_utils.o

.debug_aranges  0x0000000000000000      0xe10
 .debug_aranges
                0x0000000000000000       0xc8 ./Core/Src/LoRa.o
 .debug_aranges
                0x00000000000000c8      0x210 ./Core/Src/main.o
 .debug_aranges
                0x00000000000002d8       0x30 ./Core/Src/stm32f4xx_hal_msp.o
 .debug_aranges
                0x0000000000000308       0xd8 ./Core/Src/stm32f4xx_it.o
 .debug_aranges
                0x00000000000003e0       0x20 ./Core/Src/sysmem.o
 .debug_aranges
                0x0000000000000400       0x28 ./Core/Src/system_stm32f4xx.o
 .debug_aranges
                0x0000000000000428       0x28 ./Core/Startup/startup_stm32f446retx.o
 .debug_aranges
                0x0000000000000450       0xf0 ./Drivers/STM32F4xx_HAL_Driver/Src/stm32f4xx_hal.o
 .debug_aranges
                0x0000000000000540      0x118 ./Drivers/STM32F4xx_HAL_Driver/Src/stm32f4xx_hal_cortex.o
 .debug_aranges
                0x0000000000000658       0x58 ./Drivers/STM32F4xx_HAL_Driver/Src/stm32f4xx_hal_gpio.o
 .debug_aranges
                0x00000000000006b0      0x1d0 ./Drivers/STM32F4xx_HAL_Driver/Src/stm32f4xx_hal_spi.o
 .debug_aranges
                0x0000000000000880       0x70 ./Drivers/STM32F4xx_HAL_Driver/Src/stm32f4xx_ll_exti.o
 .debug_aranges
                0x00000000000008f0       0x70 ./Drivers/STM32F4xx_HAL_Driver/Src/stm32f4xx_ll_gpio.o
 .debug_aranges
                0x0000000000000960      0x200 ./Drivers/STM32F4xx_HAL_Driver/Src/stm32f4xx_ll_rcc.o
 .debug_aranges
                0x0000000000000b60      0x128 ./Drivers/STM32F4xx_HAL_Driver/Src/stm32f4xx_ll_tim.o
 .debug_aranges
                0x0000000000000c88       0x88 ./Drivers/STM32F4xx_HAL_Driver/Src/stm32f4xx_ll_usart.o
 .debug_aranges
                0x0000000000000d10      0x100 ./Drivers/STM32F4xx_HAL_Driver/Src/stm32f4xx_ll_utils.o

.debug_rnglists
                0x0000000000000000      0xa7b
 .debug_rnglists
                0x0000000000000000       0x96 ./Core/Src/LoRa.o
 .debug_rnglists
                0x0000000000000096      0x18f ./Core/Src/main.o
 .debug_rnglists
                0x0000000000000225       0x20 ./Core/Src/stm32f4xx_hal_msp.o
 .debug_rnglists
                0x0000000000000245       0x9e ./Core/Src/stm32f4xx_it.o
 .debug_rnglists
                0x00000000000002e3       0x13 ./Core/Src/sysmem.o
 .debug_rnglists
                0x00000000000002f6       0x1a ./Core/Src/system_stm32f4xx.o
 .debug_rnglists
                0x0000000000000310       0x19 ./Core/Startup/startup_stm32f446retx.o
 .debug_rnglists
                0x0000000000000329       0xaf ./Drivers/STM32F4xx_HAL_Driver/Src/stm32f4xx_hal.o
 .debug_rnglists
                0x00000000000003d8       0xce ./Drivers/STM32F4xx_HAL_Driver/Src/stm32f4xx_hal_cortex.o
 .debug_rnglists
                0x00000000000004a6       0x3f ./Drivers/STM32F4xx_HAL_Driver/Src/stm32f4xx_hal_gpio.o
 .debug_rnglists
                0x00000000000004e5      0x16f ./Drivers/STM32F4xx_HAL_Driver/Src/stm32f4xx_hal_spi.o
 .debug_rnglists
                0x0000000000000654       0x50 ./Drivers/STM32F4xx_HAL_Driver/Src/stm32f4xx_ll_exti.o
 .debug_rnglists
                0x00000000000006a4       0x51 ./Drivers/STM32F4xx_HAL_Driver/Src/stm32f4xx_ll_gpio.o
 .debug_rnglists
                0x00000000000006f5      0x180 ./Drivers/STM32F4xx_HAL_Driver/Src/stm32f4xx_ll_rcc.o
 .debug_rnglists
                0x0000000000000875       0xe4 ./Drivers/STM32F4xx_HAL_Driver/Src/stm32f4xx_ll_tim.o
 .debug_rnglists
                0x0000000000000959       0x64 ./Drivers/STM32F4xx_HAL_Driver/Src/stm32f4xx_ll_usart.o
 .debug_rnglists
                0x00000000000009bd       0xbe ./Drivers/STM32F4xx_HAL_Driver/Src/stm32f4xx_ll_utils.o

.debug_macro    0x0000000000000000    0x254c9
 .debug_macro   0x0000000000000000      0x235 ./Core/Src/LoRa.o
 .debug_macro   0x0000000000000235      0xaae ./Core/Src/LoRa.o
 .debug_macro   0x0000000000000ce3      0x295 ./Core/Src/LoRa.o
 .debug_macro   0x0000000000000f78       0x2e ./Core/Src/LoRa.o
 .debug_macro   0x0000000000000fa6       0x28 ./Core/Src/LoRa.o
 .debug_macro   0x0000000000000fce       0x22 ./Core/Src/LoRa.o
 .debug_macro   0x0000000000000ff0       0x8e ./Core/Src/LoRa.o
 .debug_macro   0x000000000000107e       0x51 ./Core/Src/LoRa.o
 .debug_macro   0x00000000000010cf      0x103 ./Core/Src/LoRa.o
 .debug_macro   0x00000000000011d2       0x6a ./Core/Src/LoRa.o
 .debug_macro   0x000000000000123c      0x1df ./Core/Src/LoRa.o
 .debug_macro   0x000000000000141b       0x1c ./Core/Src/LoRa.o
 .debug_macro   0x0000000000001437       0x22 ./Core/Src/LoRa.o
 .debug_macro   0x0000000000001459       0xd9 ./Core/Src/LoRa.o
 .debug_macro   0x0000000000001532     0x102d ./Core/Src/LoRa.o
 .debug_macro   0x000000000000255f      0x11f ./Core/Src/LoRa.o
 .debug_macro   0x000000000000267e    0x16749 ./Core/Src/LoRa.o
 .debug_macro   0x0000000000018dc7       0x6d ./Core/Src/LoRa.o
 .debug_macro   0x0000000000018e34     0x367e ./Core/Src/LoRa.o
 .debug_macro   0x000000000001c4b2      0x174 ./Core/Src/LoRa.o
 .debug_macro   0x000000000001c626       0x5c ./Core/Src/LoRa.o
 .debug_macro   0x000000000001c682      0xc90 ./Core/Src/LoRa.o
 .debug_macro   0x000000000001d312      0x9fe ./Core/Src/LoRa.o
 .debug_macro   0x000000000001dd10      0x115 ./Core/Src/LoRa.o
 .debug_macro   0x000000000001de25      0x1a0 ./Core/Src/LoRa.o
 .debug_macro   0x000000000001dfc5       0xa5 ./Core/Src/LoRa.o
 .debug_macro   0x000000000001e06a      0x16d ./Core/Src/LoRa.o
 .debug_macro   0x000000000001e1d7      0x287 ./Core/Src/LoRa.o
 .debug_macro   0x000000000001e45e       0x5f ./Core/Src/LoRa.o
 .debug_macro   0x000000000001e4bd      0x236 ./Core/Src/LoRa.o
 .debug_macro   0x000000000001e6f3      0x132 ./Core/Src/LoRa.o
 .debug_macro   0x000000000001e825      0x29c ./Core/Src/LoRa.o
 .debug_macro   0x000000000001eac1       0x2e ./Core/Src/LoRa.o
 .debug_macro   0x000000000001eaef      0x11a ./Core/Src/LoRa.o
 .debug_macro   0x000000000001ec09       0xe8 ./Core/Src/LoRa.o
 .debug_macro   0x000000000001ecf1       0x89 ./Core/Src/LoRa.o
 .debug_macro   0x000000000001ed7a      0x225 ./Core/Src/LoRa.o
 .debug_macro   0x000000000001ef9f      0x126 ./Core/Src/LoRa.o
 .debug_macro   0x000000000001f0c5      0x1e6 ./Core/Src/LoRa.o
 .debug_macro   0x000000000001f2ab      0xd69 ./Core/Src/LoRa.o
 .debug_macro   0x0000000000020014      0x1db ./Core/Src/LoRa.o
 .debug_macro   0x00000000000201ef      0x21c ./Core/Src/LoRa.o
 .debug_macro   0x000000000002040b       0xe8 ./Core/Src/LoRa.o
 .debug_macro   0x00000000000204f3      0x1a6 ./Core/Src/LoRa.o
 .debug_macro   0x0000000000020699       0x61 ./Core/Src/LoRa.o
 .debug_macro   0x00000000000206fa       0xd5 ./Core/Src/LoRa.o
 .debug_macro   0x00000000000207cf      0x5fa ./Core/Src/LoRa.o
 .debug_macro   0x0000000000020dc9      0x1bb ./Core/Src/LoRa.o
 .debug_macro   0x0000000000020f84      0x149 ./Core/Src/LoRa.o
 .debug_macro   0x00000000000210cd       0x82 ./Core/Src/LoRa.o
 .debug_macro   0x000000000002114f      0x172 ./Core/Src/LoRa.o
 .debug_macro   0x00000000000212c1      0x23f ./Core/Src/main.o
 .debug_macro   0x0000000000021500      0x22c ./Core/Src/stm32f4xx_hal_msp.o
 .debug_macro   0x000000000002172c      0x33e ./Core/Src/stm32f4xx_it.o
 .debug_macro   0x0000000000021a6a       0x61 ./Core/Src/stm32f4xx_it.o
 .debug_macro   0x0000000000021acb       0x2a ./Core/Src/stm32f4xx_it.o
 .debug_macro   0x0000000000021af5       0x43 ./Core/Src/stm32f4xx_it.o
 .debug_macro   0x0000000000021b38       0x34 ./Core/Src/stm32f4xx_it.o
 .debug_macro   0x0000000000021b6c       0x16 ./Core/Src/stm32f4xx_it.o
 .debug_macro   0x0000000000021b82       0x35 ./Core/Src/stm32f4xx_it.o
 .debug_macro   0x0000000000021bb7      0x369 ./Core/Src/stm32f4xx_it.o
 .debug_macro   0x0000000000021f20       0x10 ./Core/Src/stm32f4xx_it.o
 .debug_macro   0x0000000000021f30       0x16 ./Core/Src/stm32f4xx_it.o
 .debug_macro   0x0000000000021f46       0x43 ./Core/Src/stm32f4xx_it.o
 .debug_macro   0x0000000000021f89       0x34 ./Core/Src/stm32f4xx_it.o
 .debug_macro   0x0000000000021fbd       0x10 ./Core/Src/stm32f4xx_it.o
 .debug_macro   0x0000000000021fcd       0x58 ./Core/Src/stm32f4xx_it.o
 .debug_macro   0x0000000000022025       0x8e ./Core/Src/stm32f4xx_it.o
 .debug_macro   0x00000000000220b3       0x1c ./Core/Src/stm32f4xx_it.o
 .debug_macro   0x00000000000220cf      0x177 ./Core/Src/stm32f4xx_it.o
 .debug_macro   0x0000000000022246       0x16 ./Core/Src/stm32f4xx_it.o
 .debug_macro   0x000000000002225c       0x16 ./Core/Src/stm32f4xx_it.o
 .debug_macro   0x0000000000022272      0x147 ./Core/Src/stm32f4xx_it.o
 .debug_macro   0x00000000000223b9       0x16 ./Core/Src/stm32f4xx_it.o
 .debug_macro   0x00000000000223cf       0x20 ./Core/Src/stm32f4xx_it.o
 .debug_macro   0x00000000000223ef       0xff ./Core/Src/sysmem.o
 .debug_macro   0x00000000000224ee      0x23c ./Core/Src/sysmem.o
 .debug_macro   0x000000000002272a      0x1ba ./Core/Src/system_stm32f4xx.o
 .debug_macro   0x00000000000228e4      0x21a ./Drivers/STM32F4xx_HAL_Driver/Src/stm32f4xx_hal.o
 .debug_macro   0x0000000000022afe      0x1ba ./Drivers/STM32F4xx_HAL_Driver/Src/stm32f4xx_hal_cortex.o
 .debug_macro   0x0000000000022cb8      0x1c0 ./Drivers/STM32F4xx_HAL_Driver/Src/stm32f4xx_hal_gpio.o
 .debug_macro   0x0000000000022e78      0x1c9 ./Drivers/STM32F4xx_HAL_Driver/Src/stm32f4xx_hal_spi.o
 .debug_macro   0x0000000000023041      0x1e1 ./Drivers/STM32F4xx_HAL_Driver/Src/stm32f4xx_ll_exti.o
 .debug_macro   0x0000000000023222       0xe2 ./Drivers/STM32F4xx_HAL_Driver/Src/stm32f4xx_ll_exti.o
 .debug_macro   0x0000000000023304      0x1fc ./Drivers/STM32F4xx_HAL_Driver/Src/stm32f4xx_ll_gpio.o
 .debug_macro   0x0000000000023500      0x143 ./Drivers/STM32F4xx_HAL_Driver/Src/stm32f4xx_ll_gpio.o
 .debug_macro   0x0000000000023643      0x1f9 ./Drivers/STM32F4xx_HAL_Driver/Src/stm32f4xx_ll_rcc.o
 .debug_macro   0x000000000002383c      0xd63 ./Drivers/STM32F4xx_HAL_Driver/Src/stm32f4xx_ll_rcc.o
 .debug_macro   0x000000000002459f      0x245 ./Drivers/STM32F4xx_HAL_Driver/Src/stm32f4xx_ll_tim.o
 .debug_macro   0x00000000000247e4      0x5f4 ./Drivers/STM32F4xx_HAL_Driver/Src/stm32f4xx_ll_tim.o
 .debug_macro   0x0000000000024dd8      0x229 ./Drivers/STM32F4xx_HAL_Driver/Src/stm32f4xx_ll_usart.o
 .debug_macro   0x0000000000025001      0x1b5 ./Drivers/STM32F4xx_HAL_Driver/Src/stm32f4xx_ll_usart.o
 .debug_macro   0x00000000000251b6      0x2b8 ./Drivers/STM32F4xx_HAL_Driver/Src/stm32f4xx_ll_utils.o
 .debug_macro   0x000000000002546e       0x5b ./Drivers/STM32F4xx_HAL_Driver/Src/stm32f4xx_ll_utils.o

.debug_line     0x0000000000000000     0xbab0
 .debug_line    0x0000000000000000      0xba3 ./Core/Src/LoRa.o
 .debug_line    0x0000000000000ba3     0x1340 ./Core/Src/main.o
 .debug_line    0x0000000000001ee3      0x7a8 ./Core/Src/stm32f4xx_hal_msp.o
 .debug_line    0x000000000000268b      0xb89 ./Core/Src/stm32f4xx_it.o
 .debug_line    0x0000000000003214      0x486 ./Core/Src/sysmem.o
 .debug_line    0x000000000000369a      0x6bb ./Core/Src/system_stm32f4xx.o
 .debug_line    0x0000000000003d55       0x7a ./Core/Startup/startup_stm32f446retx.o
 .debug_line    0x0000000000003dcf      0x921 ./Drivers/STM32F4xx_HAL_Driver/Src/stm32f4xx_hal.o
 .debug_line    0x00000000000046f0      0xbd0 ./Drivers/STM32F4xx_HAL_Driver/Src/stm32f4xx_hal_cortex.o
 .debug_line    0x00000000000052c0      0xa81 ./Drivers/STM32F4xx_HAL_Driver/Src/stm32f4xx_hal_gpio.o
 .debug_line    0x0000000000005d41     0x1bb2 ./Drivers/STM32F4xx_HAL_Driver/Src/stm32f4xx_hal_spi.o
 .debug_line    0x00000000000078f3      0x7a8 ./Drivers/STM32F4xx_HAL_Driver/Src/stm32f4xx_ll_exti.o
 .debug_line    0x000000000000809b      0x903 ./Drivers/STM32F4xx_HAL_Driver/Src/stm32f4xx_ll_gpio.o
 .debug_line    0x000000000000899e     0x103c ./Drivers/STM32F4xx_HAL_Driver/Src/stm32f4xx_ll_rcc.o
 .debug_line    0x00000000000099da      0xc89 ./Drivers/STM32F4xx_HAL_Driver/Src/stm32f4xx_ll_tim.o
 .debug_line    0x000000000000a663      0x898 ./Drivers/STM32F4xx_HAL_Driver/Src/stm32f4xx_ll_usart.o
 .debug_line    0x000000000000aefb      0xbb5 ./Drivers/STM32F4xx_HAL_Driver/Src/stm32f4xx_ll_utils.o

.debug_str      0x0000000000000000    0xdef57
 .debug_str     0x0000000000000000    0xd4bb9 ./Core/Src/LoRa.o
                                      0xd52c3 (size before relaxing)
 .debug_str     0x00000000000d4bb9      0xff3 ./Core/Src/main.o
                                      0xd6225 (size before relaxing)
 .debug_str     0x00000000000d5bac       0x8e ./Core/Src/stm32f4xx_hal_msp.o
                                      0xd4d97 (size before relaxing)
 .debug_str     0x00000000000d5c3a     0x39e8 ./Core/Src/stm32f4xx_it.o
                                      0xd8201 (size before relaxing)
 .debug_str     0x00000000000d9622      0x4dc ./Core/Src/sysmem.o
                                       0x6062 (size before relaxing)
 .debug_str     0x00000000000d9afe       0x77 ./Core/Src/system_stm32f4xx.o
                                      0xc1900 (size before relaxing)
 .debug_str     0x00000000000d9b75       0x73 ./Core/Startup/startup_stm32f446retx.o
 .debug_str     0x00000000000d9be8      0x5c6 ./Drivers/STM32F4xx_HAL_Driver/Src/stm32f4xx_hal.o
                                      0xc24c5 (size before relaxing)
 .debug_str     0x00000000000da1ae      0x2c3 ./Drivers/STM32F4xx_HAL_Driver/Src/stm32f4xx_hal_cortex.o
                                      0xc21d3 (size before relaxing)
 .debug_str     0x00000000000da471       0xdb ./Drivers/STM32F4xx_HAL_Driver/Src/stm32f4xx_hal_gpio.o
                                      0xc1a7b (size before relaxing)
 .debug_str     0x00000000000da54c      0x57b ./Drivers/STM32F4xx_HAL_Driver/Src/stm32f4xx_hal_spi.o
                                      0xc219f (size before relaxing)
 .debug_str     0x00000000000daac7      0x2ed ./Drivers/STM32F4xx_HAL_Driver/Src/stm32f4xx_ll_exti.o
                                      0xc1f63 (size before relaxing)
 .debug_str     0x00000000000dadb4      0x62a ./Drivers/STM32F4xx_HAL_Driver/Src/stm32f4xx_ll_gpio.o
                                      0xc32e0 (size before relaxing)
 .debug_str     0x00000000000db3de      0x978 ./Drivers/STM32F4xx_HAL_Driver/Src/stm32f4xx_ll_rcc.o
                                      0xcbdef (size before relaxing)
 .debug_str     0x00000000000dbd56     0x1275 ./Drivers/STM32F4xx_HAL_Driver/Src/stm32f4xx_ll_tim.o
                                      0xc6a2a (size before relaxing)
 .debug_str     0x00000000000dcfcb      0x7db ./Drivers/STM32F4xx_HAL_Driver/Src/stm32f4xx_ll_usart.o
                                      0xcd786 (size before relaxing)
 .debug_str     0x00000000000dd7a6     0x17b1 ./Drivers/STM32F4xx_HAL_Driver/Src/stm32f4xx_ll_utils.o
                                      0xce4eb (size before relaxing)

.debug_frame    0x0000000000000000     0x40e0
 .debug_frame   0x0000000000000000      0x338 ./Core/Src/LoRa.o
 .debug_frame   0x0000000000000338      0x95c ./Core/Src/main.o
 .debug_frame   0x0000000000000c94       0x7c ./Core/Src/stm32f4xx_hal_msp.o
 .debug_frame   0x0000000000000d10      0x33c ./Core/Src/stm32f4xx_it.o
 .debug_frame   0x000000000000104c       0x34 ./Core/Src/sysmem.o
 .debug_frame   0x0000000000001080       0x58 ./Core/Src/system_stm32f4xx.o
 .debug_frame   0x00000000000010d8      0x374 ./Drivers/STM32F4xx_HAL_Driver/Src/stm32f4xx_hal.o
 .debug_frame   0x000000000000144c      0x498 ./Drivers/STM32F4xx_HAL_Driver/Src/stm32f4xx_hal_cortex.o
 .debug_frame   0x00000000000018e4      0x14c ./Drivers/STM32F4xx_HAL_Driver/Src/stm32f4xx_hal_gpio.o
 .debug_frame   0x0000000000001a30      0x824 ./Drivers/STM32F4xx_HAL_Driver/Src/stm32f4xx_hal_spi.o
 .debug_frame   0x0000000000002254      0x1bc ./Drivers/STM32F4xx_HAL_Driver/Src/stm32f4xx_ll_exti.o
 .debug_frame   0x0000000000002410      0x1c0 ./Drivers/STM32F4xx_HAL_Driver/Src/stm32f4xx_ll_gpio.o
 .debug_frame   0x00000000000025d0      0x87c ./Drivers/STM32F4xx_HAL_Driver/Src/stm32f4xx_ll_rcc.o
 .debug_frame   0x0000000000002e4c      0x538 ./Drivers/STM32F4xx_HAL_Driver/Src/stm32f4xx_ll_tim.o
 .debug_frame   0x0000000000003384      0x240 ./Drivers/STM32F4xx_HAL_Driver/Src/stm32f4xx_ll_usart.o
 .debug_frame   0x00000000000035c4      0x418 ./Drivers/STM32F4xx_HAL_Driver/Src/stm32f4xx_ll_utils.o
 .debug_frame   0x00000000000039dc      0x144 /opt/stm32cubeide/plugins/com.st.stm32cube.ide.mcu.externaltools.gnu-tools-for-stm32.11.3.rel1.linux64_1.1.100.202309141235/tools/bin/../lib/gcc/arm-none-eabi/11.3.1/../../../../arm-none-eabi/lib/thumb/v7e-m+fp/hard/libc_nano.a(libc_a-findfp.o)
 .debug_frame   0x0000000000003b20       0x6c /opt/stm32cubeide/plugins/com.st.stm32cube.ide.mcu.externaltools.gnu-tools-for-stm32.11.3.rel1.linux64_1.1.100.202309141235/tools/bin/../lib/gcc/arm-none-eabi/11.3.1/../../../../arm-none-eabi/lib/thumb/v7e-m+fp/hard/libc_nano.a(libc_a-sprintf.o)
 .debug_frame   0x0000000000003b8c       0x20 /opt/stm32cubeide/plugins/com.st.stm32cube.ide.mcu.externaltools.gnu-tools-for-stm32.11.3.rel1.linux64_1.1.100.202309141235/tools/bin/../lib/gcc/arm-none-eabi/11.3.1/../../../../arm-none-eabi/lib/thumb/v7e-m+fp/hard/libc_nano.a(libc_a-memset.o)
 .debug_frame   0x0000000000003bac       0x38 /opt/stm32cubeide/plugins/com.st.stm32cube.ide.mcu.externaltools.gnu-tools-for-stm32.11.3.rel1.linux64_1.1.100.202309141235/tools/bin/../lib/gcc/arm-none-eabi/11.3.1/../../../../arm-none-eabi/lib/thumb/v7e-m+fp/hard/libc_nano.a(libc_a-reent.o)
 .debug_frame   0x0000000000003be4       0x20 /opt/stm32cubeide/plugins/com.st.stm32cube.ide.mcu.externaltools.gnu-tools-for-stm32.11.3.rel1.linux64_1.1.100.202309141235/tools/bin/../lib/gcc/arm-none-eabi/11.3.1/../../../../arm-none-eabi/lib/thumb/v7e-m+fp/hard/libc_nano.a(libc_a-errno.o)
 .debug_frame   0x0000000000003c04       0x2c /opt/stm32cubeide/plugins/com.st.stm32cube.ide.mcu.externaltools.gnu-tools-for-stm32.11.3.rel1.linux64_1.1.100.202309141235/tools/bin/../lib/gcc/arm-none-eabi/11.3.1/../../../../arm-none-eabi/lib/thumb/v7e-m+fp/hard/libc_nano.a(libc_a-init.o)
 .debug_frame   0x0000000000003c30       0xb0 /opt/stm32cubeide/plugins/com.st.stm32cube.ide.mcu.externaltools.gnu-tools-for-stm32.11.3.rel1.linux64_1.1.100.202309141235/tools/bin/../lib/gcc/arm-none-eabi/11.3.1/../../../../arm-none-eabi/lib/thumb/v7e-m+fp/hard/libc_nano.a(libc_a-lock.o)