../Drivers/CMSIS/Include/core_cm4.h:1676:26:__NVIC_GetPriorityGrouping	1
../Drivers/CMSIS/Include/core_cm4.h:1688:22:__NVIC_EnableIRQ	2
../Drivers/CMSIS/Include/core_cm4.h:1816:22:__NVIC_SetPriority	2
../Drivers/CMSIS/Include/core_cm4.h:1863:26:NVIC_EncodePriority	2
../Drivers/STM32F4xx_HAL_Driver/Inc/stm32f4xx_ll_rcc.h:2987:22:LL_RCC_HSI_Enable	1
../Drivers/STM32F4xx_HAL_Driver/Inc/stm32f4xx_ll_rcc.h:3007:26:LL_RCC_HSI_IsReady	1
../Drivers/STM32F4xx_HAL_Driver/Inc/stm32f4xx_ll_rcc.h:3033:22:LL_RCC_HSI_SetCalibTrimming	1
../Drivers/STM32F4xx_HAL_Driver/Inc/stm32f4xx_ll_rcc.h:3188:22:LL_RCC_SetSysClkSource	1
../Drivers/STM32F4xx_HAL_Driver/Inc/stm32f4xx_ll_rcc.h:3204:26:LL_RCC_GetSysClkSource	1
../Drivers/STM32F4xx_HAL_Driver/Inc/stm32f4xx_ll_rcc.h:3224:22:LL_RCC_SetAHBPrescaler	1
../Drivers/STM32F4xx_HAL_Driver/Inc/stm32f4xx_ll_rcc.h:3240:22:LL_RCC_SetAPB1Prescaler	1
../Drivers/STM32F4xx_HAL_Driver/Inc/stm32f4xx_ll_rcc.h:3256:22:LL_RCC_SetAPB2Prescaler	1
../Drivers/STM32F4xx_HAL_Driver/Inc/stm32f4xx_ll_rcc.h:4153:22:LL_RCC_SetTIMPrescaler	1
../Drivers/STM32F4xx_HAL_Driver/Inc/stm32f4xx_ll_rcc.h:4184:22:LL_RCC_PLL_Enable	1
../Drivers/STM32F4xx_HAL_Driver/Inc/stm32f4xx_ll_rcc.h:4205:26:LL_RCC_PLL_IsReady	1
../Drivers/STM32F4xx_HAL_Driver/Inc/stm32f4xx_ll_rcc.h:4304:22:LL_RCC_PLL_ConfigDomain_SYS	1
../Drivers/STM32F4xx_HAL_Driver/Inc/stm32f4xx_ll_bus.h:409:22:LL_AHB1_GRP1_EnableClock	1
../Drivers/STM32F4xx_HAL_Driver/Inc/stm32f4xx_ll_bus.h:1185:22:LL_APB1_GRP1_EnableClock	1
../Drivers/STM32F4xx_HAL_Driver/Inc/stm32f4xx_ll_system.h:671:22:LL_SYSCFG_SetEXTISource	1
../Drivers/STM32F4xx_HAL_Driver/Inc/stm32f4xx_ll_system.h:1543:22:LL_FLASH_SetLatency	1
../Drivers/STM32F4xx_HAL_Driver/Inc/stm32f4xx_ll_system.h:1569:26:LL_FLASH_GetLatency	1
../Drivers/STM32F4xx_HAL_Driver/Inc/stm32f4xx_ll_pwr.h:353:22:LL_PWR_DisableOverDriveMode	1
../Drivers/STM32F4xx_HAL_Driver/Inc/stm32f4xx_ll_pwr.h:505:22:LL_PWR_SetRegulVoltageScaling	1
../Drivers/STM32F4xx_HAL_Driver/Inc/stm32f4xx_ll_pwr.h:883:26:LL_PWR_IsActiveFlag_VOS	1
../Drivers/STM32F4xx_HAL_Driver/Inc/stm32f4xx_ll_dma.h:595:22:LL_DMA_SetDataTransferDirection	1
../Drivers/STM32F4xx_HAL_Driver/Inc/stm32f4xx_ll_dma.h:643:22:LL_DMA_SetMode	1
../Drivers/STM32F4xx_HAL_Driver/Inc/stm32f4xx_ll_dma.h:690:22:LL_DMA_SetPeriphIncMode	1
../Drivers/STM32F4xx_HAL_Driver/Inc/stm32f4xx_ll_dma.h:735:22:LL_DMA_SetMemoryIncMode	1
../Drivers/STM32F4xx_HAL_Driver/Inc/stm32f4xx_ll_dma.h:781:22:LL_DMA_SetPeriphSize	1
../Drivers/STM32F4xx_HAL_Driver/Inc/stm32f4xx_ll_dma.h:828:22:LL_DMA_SetMemorySize	1
../Drivers/STM32F4xx_HAL_Driver/Inc/stm32f4xx_ll_dma.h:921:22:LL_DMA_SetStreamPriorityLevel	1
../Drivers/STM32F4xx_HAL_Driver/Inc/stm32f4xx_ll_dma.h:968:22:LL_DMA_SetDataLength	1
../Drivers/STM32F4xx_HAL_Driver/Inc/stm32f4xx_ll_dma.h:1019:22:LL_DMA_SetChannelSelection	1
../Drivers/STM32F4xx_HAL_Driver/Inc/stm32f4xx_ll_dma.h:1276:22:LL_DMA_DisableFifoMode	1
../Drivers/STM32F4xx_HAL_Driver/Inc/stm32f4xx_ll_dma.h:1402:22:LL_DMA_ConfigAddresses	2
../Drivers/STM32F4xx_HAL_Driver/Inc/stm32f4xx_ll_dma.h:2586:22:LL_DMA_EnableIT_TC	1
../Drivers/STM32F4xx_HAL_Driver/Inc/stm32f4xx_ll_usart.h:410:22:LL_USART_Enable	1
../Drivers/STM32F4xx_HAL_Driver/Inc/stm32f4xx_ll_usart.h:1479:22:LL_USART_ConfigAsyncMode	1
../Drivers/STM32F4xx_HAL_Driver/Inc/stm32f4xx_ll_usart.h:1814:26:LL_USART_IsActiveFlag_TXE	1
../Drivers/STM32F4xx_HAL_Driver/Inc/stm32f4xx_ll_usart.h:2035:22:LL_USART_EnableIT_RXNE	2
../Drivers/STM32F4xx_HAL_Driver/Inc/stm32f4xx_ll_usart.h:2349:22:LL_USART_EnableDMAReq_TX	2
../Drivers/STM32F4xx_HAL_Driver/Inc/stm32f4xx_ll_usart.h:2383:26:LL_USART_DMA_GetRegAddr	1
../Drivers/STM32F4xx_HAL_Driver/Inc/stm32f4xx_ll_usart.h:2426:22:LL_USART_TransmitData8	1
../Drivers/STM32F4xx_HAL_Driver/Inc/stm32f4xx_ll_gpio.h:273:22:LL_GPIO_SetPinMode	1
../Drivers/STM32F4xx_HAL_Driver/Inc/stm32f4xx_ll_gpio.h:484:22:LL_GPIO_SetPinPull	1
../Drivers/STM32F4xx_HAL_Driver/Inc/stm32f4xx_ll_gpio.h:910:22:LL_GPIO_ResetOutputPin	1
../Core/Src/main.c:67:5:main	3
../Core/Src/main.c:121:6:SystemClock_Config	7
../Core/Src/main.c:173:13:MX_USART2_UART_Init	1
../Core/Src/main.c:259:13:MX_USART3_UART_Init	1
../Core/Src/main.c:322:13:MX_DMA_Init	1
../Core/Src/main.c:340:13:MX_GPIO_Init	1
../Core/Src/main.c:396:6:Error_Handler	1
